Aug 13 15:22:54 ubuntu0006 NetworkManager[683]: <warn>  [1597303374.8936] device (ens18): disconnecting connection 'ens18' for new activation request.
Aug 13 15:22:54 ubuntu0006 NetworkManager[683]: <info>  [1597303374.8936] device (ens18): state change: activated -> deactivating (reason 'new-activation') [100 110 60]
Aug 13 15:22:54 ubuntu0006 NetworkManager[683]: <info>  [1597303374.9232] device (ens18): disconnecting for new activation request.
Aug 13 15:22:54 ubuntu0006 NetworkManager[683]: <info>  [1597303374.9234] audit: op="connection-activate" uuid="bf3c5982-0754-491e-9aed-29061bb22aa3" name="ens18" pid=11259 uid=1000 result="success"
Aug 13 15:22:54 ubuntu0006 NetworkManager[683]: <info>  [1597303374.9238] device (ens18): state change: deactivating -> disconnected (reason 'new-activation') [110 30 60]
Aug 13 15:22:54 ubuntu0006 NetworkManager[683]: <info>  [1597303374.9257] device (ens18): Activation: starting connection 'ens18' (bf3c5982-0754-491e-9aed-29061bb22aa3)
Aug 13 15:22:54 ubuntu0006 NetworkManager[683]: <info>  [1597303374.9311] device (ens18): state change: disconnected -> deactivating (reason 'connection-removed') [30 110 38]
Aug 13 15:22:54 ubuntu0006 NetworkManager[683]: <info>  [1597303374.9540] device (ens18): state change: deactivating -> disconnected (reason 'connection-removed') [110 30 38]
Aug 13 15:22:54 ubuntu0006 NetworkManager[683]: <info>  [1597303374.9613] policy: auto-activating connection 'Ifupdown (ens18)'
Aug 13 15:22:54 ubuntu0006 NetworkManager[683]: <info>  [1597303374.9620] device (ens18): Activation: starting connection 'Ifupdown (ens18)' (2cbd84dd-3e5c-9c70-c58e-2cb9243126e1)
Aug 13 15:22:54 ubuntu0006 NetworkManager[683]: <info>  [1597303374.9621] device (ens18): state change: disconnected -> prepare (reason 'none') [30 40 0]
Aug 13 15:22:54 ubuntu0006 NetworkManager[683]: <info>  [1597303374.9624] device (ens18): state change: prepare -> config (reason 'none') [40 50 0]
Aug 13 15:22:54 ubuntu0006 NetworkManager[683]: <info>  [1597303374.9627] device (ens18): state change: config -> ip-config (reason 'none') [50 70 0]
Aug 13 15:22:55 ubuntu0006 NetworkManager[683]: <info>  [1597303375.0151] device (ens18): state change: ip-config -> ip-check (reason 'none') [70 80 0]
Aug 13 15:22:55 ubuntu0006 NetworkManager[683]: <info>  [1597303375.0168] device (ens18): state change: ip-check -> secondaries (reason 'none') [80 90 0]
Aug 13 15:22:55 ubuntu0006 NetworkManager[683]: <info>  [1597303375.0178] device (ens18): state change: secondaries -> activated (reason 'none') [90 100 0]
Aug 13 15:22:55 ubuntu0006 NetworkManager[683]: <info>  [1597303375.0339] policy: set 'Ifupdown (ens18)' (ens18) as default for IPv4 routing and DNS
Aug 13 15:22:55 ubuntu0006 NetworkManager[683]: <info>  [1597303375.0340] device (ens18): Activation: successful, device activated.
Aug 13 19:15:14 ubuntu0006 NetworkManager[683]: <info>  [1597317314.7054] caught SIGTERM, shutting down normally.
Aug 13 19:15:14 ubuntu0006 NetworkManager[683]: <info>  [1597317314.7066] exiting (success)
Aug 13 19:15:14 ubuntu0006 NetworkManager[21861]: <info>  [1597317314.7528] NetworkManager (version 1.2.6) is starting...
Aug 13 19:15:14 ubuntu0006 NetworkManager[21861]: <info>  [1597317314.7533] Read config: /etc/NetworkManager/NetworkManager.conf (etc: default-wifi-powersave-on.conf)
Aug 13 19:15:14 ubuntu0006 NetworkManager[21861]: <info>  [1597317314.7564] manager[0x1e401c0]: monitoring kernel firmware directory '/lib/firmware'.
Aug 13 19:15:14 ubuntu0006 NetworkManager[21861]: <info>  [1597317314.7570] monitoring ifupdown state file '/run/network/ifstate'.
Aug 13 19:15:14 ubuntu0006 NetworkManager[21861]: <info>  [1597317314.7585] dns-mgr[0x1e3b160]: init: dns=dnsmasq, rc-manager=resolvconf, plugin=dnsmasq
Aug 13 19:15:14 ubuntu0006 NetworkManager[21861]: <info>  [1597317314.7916] init!
Aug 13 19:15:14 ubuntu0006 NetworkManager[21861]: <info>  [1597317314.7920] guessed connection type (ens18) = 802-3-ethernet
Aug 13 19:15:14 ubuntu0006 NetworkManager[21861]: <info>  [1597317314.7920] update_connection_setting_from_if_block: name:ens18, type:802-3-ethernet, id:Ifupdown (ens18), uuid: 2cbd84dd-3e5c-9c70-c58e-2cb9243126e1
Aug 13 19:15:14 ubuntu0006 NetworkManager[21861]: <info>  [1597317314.7921] addresses count: 1
Aug 13 19:15:14 ubuntu0006 NetworkManager[21861]: <info>  [1597317314.7921] adding ens18 to connections
Aug 13 19:15:14 ubuntu0006 NetworkManager[21861]: <info>  [1597317314.7922] adding iface ens18 to eni_ifaces
Aug 13 19:15:14 ubuntu0006 NetworkManager[21861]: <info>  [1597317314.7922] autoconnect
Aug 13 19:15:14 ubuntu0006 NetworkManager[21861]: <info>  [1597317314.7922] management mode: managed
Aug 13 19:15:14 ubuntu0006 NetworkManager[21861]: <info>  [1597317314.7925] devices added (path: /sys/devices/pci0000:00/0000:00:12.0/virtio6/net/ens18, iface: ens18)
Aug 13 19:15:14 ubuntu0006 NetworkManager[21861]: <info>  [1597317314.7926] locking wired connection setting
Aug 13 19:15:14 ubuntu0006 NetworkManager[21861]: <info>  [1597317314.7926] devices added (path: /sys/devices/virtual/net/lo, iface: lo)
Aug 13 19:15:14 ubuntu0006 NetworkManager[21861]: <info>  [1597317314.7926] device added (path: /sys/devices/virtual/net/lo, iface: lo): no ifupdown configuration found.
Aug 13 19:15:14 ubuntu0006 NetworkManager[21861]: <info>  [1597317314.7926] end _init.
Aug 13 19:15:14 ubuntu0006 NetworkManager[21861]: <info>  [1597317314.7926] settings: loaded plugin ifupdown: (C) 2008 Canonical Ltd.  To report bugs please use the NetworkManager mailing list. (/usr/lib/x86_64-linux-gnu/NetworkManager/libnm-settings-plugin-ifupdown.so)
Aug 13 19:15:14 ubuntu0006 NetworkManager[21861]: <info>  [1597317314.7927] settings: loaded plugin keyfile: (c) 2007 - 2015 Red Hat, Inc.  To report bugs please use the NetworkManager mailing list.
Aug 13 19:15:14 ubuntu0006 NetworkManager[21861]: <info>  [1597317314.7928] SettingsPlugin-Ofono: init!
Aug 13 19:15:14 ubuntu0006 NetworkManager[21861]: <warn>  [1597317314.7929] SettingsPlugin-Ofono: file doesn't exist: /var/lib/ofono
Aug 13 19:15:14 ubuntu0006 NetworkManager[21861]: <info>  [1597317314.7929] SettingsPlugin-Ofono: end _init.
Aug 13 19:15:14 ubuntu0006 NetworkManager[21861]: <info>  [1597317314.7929] settings: loaded plugin ofono: (C) 2013-2016 Canonical Ltd.  To report bugs please use the NetworkManager mailing list. (/usr/lib/x86_64-linux-gnu/NetworkManager/libnm-settings-plugin-ofono.so)
Aug 13 19:15:14 ubuntu0006 NetworkManager[21861]: <info>  [1597317314.7929] (31789584) ... get_connections.
Aug 13 19:15:14 ubuntu0006 NetworkManager[21861]: <info>  [1597317314.7929] (31789584) connections count: 1
Aug 13 19:15:14 ubuntu0006 NetworkManager[21861]: <info>  [1597317314.7997] keyfile: new connection /etc/NetworkManager/system-connections/Wired connection 1 (c1136c24-ea95-4e00-859e-f53306915b4d,"Wired connection 1")
Aug 13 19:15:14 ubuntu0006 NetworkManager[21861]: <info>  [1597317314.8002] SettingsPlugin-Ofono: (-201310080) ... get_connections.
Aug 13 19:15:14 ubuntu0006 NetworkManager[21861]: <info>  [1597317314.8002] SettingsPlugin-Ofono: (-201310080) connections count: 0
Aug 13 19:15:14 ubuntu0006 NetworkManager[21861]: <info>  [1597317314.8749] settings: hostname: using hostnamed
Aug 13 19:15:14 ubuntu0006 NetworkManager[21861]: <info>  [1597317314.8750] settings: hostname changed from (none) to "ubuntu0006"
Aug 13 19:15:14 ubuntu0006 NetworkManager[21861]: <info>  [1597317314.8751] Using DHCP client 'dhclient'
Aug 13 19:15:14 ubuntu0006 NetworkManager[21861]: <info>  [1597317314.8751] manager: WiFi enabled by radio killswitch; enabled by state file
Aug 13 19:15:14 ubuntu0006 NetworkManager[21861]: <info>  [1597317314.8752] manager: WWAN enabled by radio killswitch; enabled by state file
Aug 13 19:15:14 ubuntu0006 NetworkManager[21861]: <info>  [1597317314.8752] manager: Networking is enabled by state file
Aug 13 19:15:14 ubuntu0006 NetworkManager[21861]: <info>  [1597317314.8752] Loaded device plugin: NMVxlanFactory (internal)
Aug 13 19:15:14 ubuntu0006 NetworkManager[21861]: <info>  [1597317314.8752] Loaded device plugin: NMVlanFactory (internal)
Aug 13 19:15:14 ubuntu0006 NetworkManager[21861]: <info>  [1597317314.8753] Loaded device plugin: NMVethFactory (internal)
Aug 13 19:15:14 ubuntu0006 NetworkManager[21861]: <info>  [1597317314.8753] Loaded device plugin: NMTunFactory (internal)
Aug 13 19:15:14 ubuntu0006 NetworkManager[21861]: <info>  [1597317314.8753] Loaded device plugin: NMMacvlanFactory (internal)
Aug 13 19:15:14 ubuntu0006 NetworkManager[21861]: <info>  [1597317314.8753] Loaded device plugin: NMIPTunnelFactory (internal)
Aug 13 19:15:14 ubuntu0006 NetworkManager[21861]: <info>  [1597317314.8753] Loaded device plugin: NMInfinibandFactory (internal)
Aug 13 19:15:14 ubuntu0006 NetworkManager[21861]: <info>  [1597317314.8753] Loaded device plugin: NMEthernetFactory (internal)
Aug 13 19:15:14 ubuntu0006 NetworkManager[21861]: <info>  [1597317314.8753] Loaded device plugin: NMBridgeFactory (internal)
Aug 13 19:15:14 ubuntu0006 NetworkManager[21861]: <info>  [1597317314.8753] Loaded device plugin: NMBondFactory (internal)
Aug 13 19:15:14 ubuntu0006 NetworkManager[21861]: <info>  [1597317314.8800] Loaded device plugin: NMBluezManager (/usr/lib/x86_64-linux-gnu/NetworkManager/libnm-device-plugin-bluetooth.so)
Aug 13 19:15:14 ubuntu0006 NetworkManager[21861]: <info>  [1597317314.8803] Loaded device plugin: NMWifiFactory (/usr/lib/x86_64-linux-gnu/NetworkManager/libnm-device-plugin-wifi.so)
Aug 13 19:15:14 ubuntu0006 NetworkManager[21861]: <info>  [1597317314.8805] Loaded device plugin: NMWwanFactory (/usr/lib/x86_64-linux-gnu/NetworkManager/libnm-device-plugin-wwan.so)
Aug 13 19:15:14 ubuntu0006 NetworkManager[21861]: <info>  [1597317314.8808] Loaded device plugin: NMAtmManager (/usr/lib/x86_64-linux-gnu/NetworkManager/libnm-device-plugin-adsl.so)
Aug 13 19:15:14 ubuntu0006 NetworkManager[21861]: nm_device_get_device_type: assertion 'NM_IS_DEVICE (self)' failed
Aug 13 19:15:14 ubuntu0006 NetworkManager[21861]: <info>  [1597317314.8815] device (lo): link connected
Aug 13 19:15:14 ubuntu0006 NetworkManager[21861]: <info>  [1597317314.8819] manager: (lo): new Generic device (/org/freedesktop/NetworkManager/Devices/0)
Aug 13 19:15:14 ubuntu0006 NetworkManager[21861]: <info>  [1597317314.8832] device (ens18): link connected
Aug 13 19:15:14 ubuntu0006 NetworkManager[21861]: <info>  [1597317314.8836] manager: (ens18): new Ethernet device (/org/freedesktop/NetworkManager/Devices/1)
Aug 13 19:15:14 ubuntu0006 NetworkManager[21861]: <info>  [1597317314.8859] keyfile: add connection in-memory (3a425c7e-20ee-4c33-92f8-d23101b6ab57,"ens18")
Aug 13 19:15:14 ubuntu0006 NetworkManager[21861]: <info>  [1597317314.8864] device (ens18): state change: unmanaged -> unavailable (reason 'connection-assumed') [10 20 41]
Aug 13 19:15:14 ubuntu0006 NetworkManager[21861]: <info>  [1597317314.8867] device (ens18): state change: unavailable -> disconnected (reason 'connection-assumed') [20 30 41]
Aug 13 19:15:14 ubuntu0006 NetworkManager[21861]: <info>  [1597317314.8875] device (ens18): Activation: starting connection 'ens18' (3a425c7e-20ee-4c33-92f8-d23101b6ab57)
Aug 13 19:15:14 ubuntu0006 NetworkManager[21861]: <info>  [1597317314.8878] manager: NetworkManager state is now CONNECTED_GLOBAL
Aug 13 19:15:14 ubuntu0006 NetworkManager[21861]: <info>  [1597317314.8950] urfkill disappeared from the bus
Aug 13 19:15:14 ubuntu0006 NetworkManager[21861]: <info>  [1597317314.8988] manager: startup complete
Aug 13 19:15:14 ubuntu0006 NetworkManager[21861]: <info>  [1597317314.8995] device (ens18): state change: disconnected -> prepare (reason 'none') [30 40 0]
Aug 13 19:15:14 ubuntu0006 NetworkManager[21861]: <info>  [1597317314.9136] ModemManager available in the bus
Aug 13 19:15:14 ubuntu0006 NetworkManager[21861]: <info>  [1597317314.9141] ofono is now available
Aug 13 19:15:14 ubuntu0006 NetworkManager[21861]: <info>  [1597317314.9159] device (ens18): state change: prepare -> config (reason 'none') [40 50 0]
Aug 13 19:15:14 ubuntu0006 NetworkManager[21861]: <warn>  [1597317314.9164] failed to enumerate oFono devices: GDBus.Error:org.freedesktop.DBus.Error.ServiceUnknown: The name org.ofono was not provided by any .service files
Aug 13 19:15:14 ubuntu0006 NetworkManager[21861]: <info>  [1597317314.9186] device (ens18): state change: config -> ip-config (reason 'none') [50 70 0]
Aug 13 19:15:14 ubuntu0006 NetworkManager[21861]: <info>  [1597317314.9197] device (ens18): state change: ip-config -> ip-check (reason 'none') [70 80 0]
Aug 13 19:15:14 ubuntu0006 NetworkManager[21861]: <info>  [1597317314.9275] device (ens18): state change: ip-check -> secondaries (reason 'none') [80 90 0]
Aug 13 19:15:14 ubuntu0006 NetworkManager[21861]: <info>  [1597317314.9292] device (ens18): state change: secondaries -> activated (reason 'none') [90 100 0]
Aug 13 19:15:14 ubuntu0006 NetworkManager[21861]: <info>  [1597317314.9393] policy: set 'ens18' (ens18) as default for IPv4 routing and DNS
Aug 13 19:15:14 ubuntu0006 NetworkManager[21861]: <info>  [1597317314.9399] device (ens18): Activation: successful, device activated.
Aug 13 19:15:24 ubuntu0006 NetworkManager[21861]: <info>  [1597317324.9891] manager: WiFi hardware radio set enabled
Aug 13 19:15:24 ubuntu0006 NetworkManager[21861]: <info>  [1597317324.9892] manager: WWAN hardware radio set enabled
Aug 13 19:15:27 ubuntu0006 NetworkManager[21861]: <info>  [1597317327.0330] device (ens18): link disconnected (deferring action for 4 seconds)
Aug 13 19:15:27 ubuntu0006 NetworkManager[21861]: <info>  [1597317327.0901] device (ens18): link connected
Aug 13 19:15:27 ubuntu0006 NetworkManager[21861]: <info>  [1597317327.0903] policy: set 'ens18' (ens18) as default for IPv4 routing and DNS
Aug 13 19:17:49 ubuntu0006 NetworkManager[21861]: <info>  [1597317469.7994] ModemManager disappeared from bus
Aug 13 19:18:40 ubuntu0006 kernel: [    0.000000] Initializing cgroup subsys cpuset
Aug 13 19:18:40 ubuntu0006 kernel: [    0.000000] Initializing cgroup subsys cpu
Aug 13 19:18:40 ubuntu0006 kernel: [    0.000000] Initializing cgroup subsys cpuacct
Aug 13 19:18:40 ubuntu0006 kernel: [    0.000000] Linux version 4.4.0-184-generic (buildd@lgw01-amd64-060) (gcc version 5.4.0 20160609 (Ubuntu 5.4.0-6ubuntu1~16.04.12) ) #214-Ubuntu SMP Thu Jun 4 10:14:11 UTC 2020 (Ubuntu 4.4.0-184.214-generic 4.4.223)
Aug 13 19:18:40 ubuntu0006 kernel: [    0.000000] Command line: BOOT_IMAGE=/boot/vmlinuz-4.4.0-184-generic root=UUID=ca3a6ced-914c-4175-98cb-b6e81c135c7a ro quiet splash vt.handoff=7
Aug 13 19:18:40 ubuntu0006 kernel: [    0.000000] KERNEL supported cpus:
Aug 13 19:18:40 ubuntu0006 kernel: [    0.000000]   Intel GenuineIntel
Aug 13 19:18:40 ubuntu0006 kernel: [    0.000000]   AMD AuthenticAMD
Aug 13 19:18:40 ubuntu0006 kernel: [    0.000000]   Centaur CentaurHauls
Aug 13 19:18:40 ubuntu0006 kernel: [    0.000000] x86/fpu: Legacy x87 FPU detected.
Aug 13 19:18:40 ubuntu0006 kernel: [    0.000000] e820: BIOS-provided physical RAM map:
Aug 13 19:18:40 ubuntu0006 kernel: [    0.000000] BIOS-e820: [mem 0x0000000000000000-0x000000000009fbff] usable
Aug 13 19:18:40 ubuntu0006 kernel: [    0.000000] BIOS-e820: [mem 0x000000000009fc00-0x000000000009ffff] reserved
Aug 13 19:18:40 ubuntu0006 kernel: [    0.000000] BIOS-e820: [mem 0x00000000000f0000-0x00000000000fffff] reserved
Aug 13 19:18:40 ubuntu0006 kernel: [    0.000000] BIOS-e820: [mem 0x0000000000100000-0x00000000bffdffff] usable
Aug 13 19:18:40 ubuntu0006 kernel: [    0.000000] BIOS-e820: [mem 0x00000000bffe0000-0x00000000bfffffff] reserved
Aug 13 19:18:40 ubuntu0006 kernel: [    0.000000] BIOS-e820: [mem 0x00000000feffc000-0x00000000feffffff] reserved
Aug 13 19:18:40 ubuntu0006 kernel: [    0.000000] BIOS-e820: [mem 0x00000000fffc0000-0x00000000ffffffff] reserved
Aug 13 19:18:40 ubuntu0006 kernel: [    0.000000] BIOS-e820: [mem 0x0000000100000000-0x000000023fffffff] usable
Aug 13 19:18:40 ubuntu0006 kernel: [    0.000000] NX (Execute Disable) protection: active
Aug 13 19:18:40 ubuntu0006 kernel: [    0.000000] SMBIOS 2.4 present.
Aug 13 19:18:40 ubuntu0006 kernel: [    0.000000] DMI: Bochs Bochs, BIOS Bochs 01/01/2011
Aug 13 19:18:40 ubuntu0006 kernel: [    0.000000] Hypervisor detected: KVM
Aug 13 19:18:40 ubuntu0006 kernel: [    0.000000] e820: update [mem 0x00000000-0x00000fff] usable ==> reserved
Aug 13 19:18:40 ubuntu0006 kernel: [    0.000000] e820: remove [mem 0x000a0000-0x000fffff] usable
Aug 13 19:18:40 ubuntu0006 kernel: [    0.000000] e820: last_pfn = 0x240000 max_arch_pfn = 0x400000000
Aug 13 19:18:40 ubuntu0006 kernel: [    0.000000] MTRR default type: write-back
Aug 13 19:18:40 ubuntu0006 kernel: [    0.000000] MTRR fixed ranges enabled:
Aug 13 19:18:40 ubuntu0006 kernel: [    0.000000]   00000-9FFFF write-back
Aug 13 19:18:40 ubuntu0006 kernel: [    0.000000]   A0000-BFFFF uncachable
Aug 13 19:18:40 ubuntu0006 kernel: [    0.000000]   C0000-FFFFF write-protect
Aug 13 19:18:40 ubuntu0006 kernel: [    0.000000] MTRR variable ranges enabled:
Aug 13 19:18:40 ubuntu0006 kernel: [    0.000000]   0 base 00C0000000 mask FFC0000000 uncachable
Aug 13 19:18:40 ubuntu0006 kernel: [    0.000000]   1 disabled
Aug 13 19:18:40 ubuntu0006 kernel: [    0.000000]   2 disabled
Aug 13 19:18:40 ubuntu0006 kernel: [    0.000000]   3 disabled
Aug 13 19:18:40 ubuntu0006 kernel: [    0.000000]   4 disabled
Aug 13 19:18:40 ubuntu0006 kernel: [    0.000000]   5 disabled
Aug 13 19:18:40 ubuntu0006 kernel: [    0.000000]   6 disabled
Aug 13 19:18:40 ubuntu0006 kernel: [    0.000000]   7 disabled
Aug 13 19:18:40 ubuntu0006 kernel: [    0.000000] x86/PAT: Configuration [0-7]: WB  WC  UC- UC  WB  WC  UC- WT  
Aug 13 19:18:40 ubuntu0006 kernel: [    0.000000] e820: last_pfn = 0xbffe0 max_arch_pfn = 0x400000000
Aug 13 19:18:40 ubuntu0006 kernel: [    0.000000] found SMP MP-table at [mem 0x000f5340-0x000f534f] mapped at [ffff8800000f5340]
Aug 13 19:18:40 ubuntu0006 kernel: [    0.000000] Scanning 1 areas for low memory corruption
Aug 13 19:18:40 ubuntu0006 kernel: [    0.000000] Base memory trampoline at [ffff880000098000] 98000 size 28672
Aug 13 19:18:40 ubuntu0006 kernel: [    0.000000] BRK [0x02213000, 0x02213fff] PGTABLE
Aug 13 19:18:40 ubuntu0006 kernel: [    0.000000] BRK [0x02214000, 0x02214fff] PGTABLE
Aug 13 19:18:40 ubuntu0006 kernel: [    0.000000] BRK [0x02215000, 0x02215fff] PGTABLE
Aug 13 19:18:40 ubuntu0006 kernel: [    0.000000] BRK [0x02216000, 0x02216fff] PGTABLE
Aug 13 19:18:40 ubuntu0006 kernel: [    0.000000] BRK [0x02217000, 0x02217fff] PGTABLE
Aug 13 19:18:40 ubuntu0006 kernel: [    0.000000] BRK [0x02218000, 0x02218fff] PGTABLE
Aug 13 19:18:40 ubuntu0006 kernel: [    0.000000] RAMDISK: [mem 0x33048000-0x3581bfff]
Aug 13 19:18:40 ubuntu0006 kernel: [    0.000000] ACPI: Early table checksum verification disabled
Aug 13 19:18:40 ubuntu0006 kernel: [    0.000000] ACPI: RSDP 0x00000000000F5160 000014 (v00 BOCHS )
Aug 13 19:18:40 ubuntu0006 kernel: [    0.000000] ACPI: RSDT 0x00000000BFFE1631 000030 (v01 BOCHS  BXPCRSDT 00000001 BXPC 00000001)
Aug 13 19:18:40 ubuntu0006 kernel: [    0.000000] ACPI: FACP 0x00000000BFFE0BDA 000074 (v01 BOCHS  BXPCFACP 00000001 BXPC 00000001)
Aug 13 19:18:40 ubuntu0006 kernel: [    0.000000] ACPI: DSDT 0x00000000BFFE0040 000B9A (v01 BOCHS  BXPCDSDT 00000001 BXPC 00000001)
Aug 13 19:18:40 ubuntu0006 kernel: [    0.000000] ACPI: FACS 0x00000000BFFE0000 000040
Aug 13 19:18:40 ubuntu0006 kernel: [    0.000000] ACPI: SSDT 0x00000000BFFE0C4E 000963 (v01 BOCHS  BXPCSSDT 00000001 BXPC 00000001)
Aug 13 19:18:40 ubuntu0006 kernel: [    0.000000] ACPI: APIC 0x00000000BFFE15B1 000080 (v01 BOCHS  BXPCAPIC 00000001 BXPC 00000001)
Aug 13 19:18:40 ubuntu0006 kernel: [    0.000000] ACPI: Local APIC address 0xfee00000
Aug 13 19:18:40 ubuntu0006 kernel: [    0.000000] No NUMA configuration found
Aug 13 19:18:40 ubuntu0006 kernel: [    0.000000] Faking a node at [mem 0x0000000000000000-0x000000023fffffff]
Aug 13 19:18:40 ubuntu0006 kernel: [    0.000000] NODE_DATA(0) allocated [mem 0x23fff6000-0x23fffafff]
Aug 13 19:18:40 ubuntu0006 kernel: [    0.000000] kvm-clock: Using msrs 4b564d01 and 4b564d00
Aug 13 19:18:40 ubuntu0006 kernel: [    0.000000] kvm-clock: cpu 0, msr 2:3ffee001, primary cpu clock
Aug 13 19:18:40 ubuntu0006 kernel: [    0.000000] clocksource: kvm-clock: mask: 0xffffffffffffffff max_cycles: 0x1cd42e4dffb, max_idle_ns: 881590591483 ns
Aug 13 19:18:40 ubuntu0006 kernel: [    0.000000] Zone ranges:
Aug 13 19:18:40 ubuntu0006 kernel: [    0.000000]   DMA      [mem 0x0000000000001000-0x0000000000ffffff]
Aug 13 19:18:40 ubuntu0006 kernel: [    0.000000]   DMA32    [mem 0x0000000001000000-0x00000000ffffffff]
Aug 13 19:18:40 ubuntu0006 kernel: [    0.000000]   Normal   [mem 0x0000000100000000-0x000000023fffffff]
Aug 13 19:18:40 ubuntu0006 kernel: [    0.000000]   Device   empty
Aug 13 19:18:40 ubuntu0006 kernel: [    0.000000] Movable zone start for each node
Aug 13 19:18:40 ubuntu0006 kernel: [    0.000000] Early memory node ranges
Aug 13 19:18:40 ubuntu0006 kernel: [    0.000000]   node   0: [mem 0x0000000000001000-0x000000000009efff]
Aug 13 19:18:40 ubuntu0006 kernel: [    0.000000]   node   0: [mem 0x0000000000100000-0x00000000bffdffff]
Aug 13 19:18:40 ubuntu0006 kernel: [    0.000000]   node   0: [mem 0x0000000100000000-0x000000023fffffff]
Aug 13 19:18:40 ubuntu0006 kernel: [    0.000000] Initmem setup node 0 [mem 0x0000000000001000-0x000000023fffffff]
Aug 13 19:18:40 ubuntu0006 kernel: [    0.000000] On node 0 totalpages: 2097022
Aug 13 19:18:40 ubuntu0006 kernel: [    0.000000]   DMA zone: 64 pages used for memmap
Aug 13 19:18:40 ubuntu0006 kernel: [    0.000000]   DMA zone: 22 pages reserved
Aug 13 19:18:40 ubuntu0006 kernel: [    0.000000]   DMA zone: 3998 pages, LIFO batch:0
Aug 13 19:18:40 ubuntu0006 kernel: [    0.000000]   DMA32 zone: 12224 pages used for memmap
Aug 13 19:18:40 ubuntu0006 kernel: [    0.000000]   DMA32 zone: 782304 pages, LIFO batch:31
Aug 13 19:18:40 ubuntu0006 kernel: [    0.000000]   Normal zone: 20480 pages used for memmap
Aug 13 19:18:40 ubuntu0006 kernel: [    0.000000]   Normal zone: 1310720 pages, LIFO batch:31
Aug 13 19:18:40 ubuntu0006 kernel: [    0.000000] ACPI: PM-Timer IO Port: 0x608
Aug 13 19:18:40 ubuntu0006 kernel: [    0.000000] ACPI: Local APIC address 0xfee00000
Aug 13 19:18:40 ubuntu0006 kernel: [    0.000000] ACPI: LAPIC_NMI (acpi_id[0xff] dfl dfl lint[0x1])
Aug 13 19:18:40 ubuntu0006 kernel: [    0.000000] IOAPIC[0]: apic_id 0, version 17, address 0xfec00000, GSI 0-23
Aug 13 19:18:40 ubuntu0006 kernel: [    0.000000] ACPI: INT_SRC_OVR (bus 0 bus_irq 0 global_irq 2 dfl dfl)
Aug 13 19:18:40 ubuntu0006 kernel: [    0.000000] ACPI: INT_SRC_OVR (bus 0 bus_irq 5 global_irq 5 high level)
Aug 13 19:18:40 ubuntu0006 kernel: [    0.000000] ACPI: INT_SRC_OVR (bus 0 bus_irq 9 global_irq 9 high level)
Aug 13 19:18:40 ubuntu0006 kernel: [    0.000000] ACPI: INT_SRC_OVR (bus 0 bus_irq 10 global_irq 10 high level)
Aug 13 19:18:40 ubuntu0006 kernel: [    0.000000] ACPI: INT_SRC_OVR (bus 0 bus_irq 11 global_irq 11 high level)
Aug 13 19:18:40 ubuntu0006 kernel: [    0.000000] ACPI: IRQ0 used by override.
Aug 13 19:18:40 ubuntu0006 kernel: [    0.000000] ACPI: IRQ5 used by override.
Aug 13 19:18:40 ubuntu0006 kernel: [    0.000000] ACPI: IRQ9 used by override.
Aug 13 19:18:40 ubuntu0006 kernel: [    0.000000] ACPI: IRQ10 used by override.
Aug 13 19:18:40 ubuntu0006 kernel: [    0.000000] ACPI: IRQ11 used by override.
Aug 13 19:18:40 ubuntu0006 kernel: [    0.000000] Using ACPI (MADT) for SMP configuration information
Aug 13 19:18:40 ubuntu0006 kernel: [    0.000000] smpboot: Allowing 2 CPUs, 0 hotplug CPUs
Aug 13 19:18:40 ubuntu0006 kernel: [    0.000000] PM: Registered nosave memory: [mem 0x00000000-0x00000fff]
Aug 13 19:18:40 ubuntu0006 kernel: [    0.000000] PM: Registered nosave memory: [mem 0x0009f000-0x0009ffff]
Aug 13 19:18:40 ubuntu0006 kernel: [    0.000000] PM: Registered nosave memory: [mem 0x000a0000-0x000effff]
Aug 13 19:18:40 ubuntu0006 kernel: [    0.000000] PM: Registered nosave memory: [mem 0x000f0000-0x000fffff]
Aug 13 19:18:40 ubuntu0006 kernel: [    0.000000] PM: Registered nosave memory: [mem 0xbffe0000-0xbfffffff]
Aug 13 19:18:40 ubuntu0006 kernel: [    0.000000] PM: Registered nosave memory: [mem 0xc0000000-0xfeffbfff]
Aug 13 19:18:40 ubuntu0006 kernel: [    0.000000] PM: Registered nosave memory: [mem 0xfeffc000-0xfeffffff]
Aug 13 19:18:40 ubuntu0006 kernel: [    0.000000] PM: Registered nosave memory: [mem 0xff000000-0xfffbffff]
Aug 13 19:18:40 ubuntu0006 kernel: [    0.000000] PM: Registered nosave memory: [mem 0xfffc0000-0xffffffff]
Aug 13 19:18:40 ubuntu0006 kernel: [    0.000000] e820: [mem 0xc0000000-0xfeffbfff] available for PCI devices
Aug 13 19:18:40 ubuntu0006 kernel: [    0.000000] Booting paravirtualized kernel on KVM
Aug 13 19:18:40 ubuntu0006 kernel: [    0.000000] clocksource: refined-jiffies: mask: 0xffffffff max_cycles: 0xffffffff, max_idle_ns: 7645519600211568 ns
Aug 13 19:18:40 ubuntu0006 kernel: [    0.000000] setup_percpu: NR_CPUS:512 nr_cpumask_bits:512 nr_cpu_ids:2 nr_node_ids:1
Aug 13 19:18:40 ubuntu0006 kernel: [    0.000000] PERCPU: Embedded 33 pages/cpu @ffff88023fc00000 s95448 r8192 d31528 u1048576
Aug 13 19:18:40 ubuntu0006 kernel: [    0.000000] pcpu-alloc: s95448 r8192 d31528 u1048576 alloc=1*2097152
Aug 13 19:18:40 ubuntu0006 kernel: [    0.000000] pcpu-alloc: [0] 0 1 
Aug 13 19:18:40 ubuntu0006 kernel: [    0.000000] KVM setup async PF for cpu 0
Aug 13 19:18:40 ubuntu0006 kernel: [    0.000000] kvm-stealtime: cpu 0, msr 23fc10240
Aug 13 19:18:40 ubuntu0006 kernel: [    0.000000] Built 1 zonelists in Node order, mobility grouping on.  Total pages: 2064232
Aug 13 19:18:40 ubuntu0006 kernel: [    0.000000] Policy zone: Normal
Aug 13 19:18:40 ubuntu0006 kernel: [    0.000000] Kernel command line: BOOT_IMAGE=/boot/vmlinuz-4.4.0-184-generic root=UUID=ca3a6ced-914c-4175-98cb-b6e81c135c7a ro quiet splash vt.handoff=7
Aug 13 19:18:40 ubuntu0006 kernel: [    0.000000] PID hash table entries: 4096 (order: 3, 32768 bytes)
Aug 13 19:18:40 ubuntu0006 kernel: [    0.000000] Calgary: detecting Calgary via BIOS EBDA area
Aug 13 19:18:40 ubuntu0006 kernel: [    0.000000] Calgary: Unable to locate Rio Grande table in EBDA - bailing!
Aug 13 19:18:40 ubuntu0006 kernel: [    0.000000] Memory: 8130976K/8388088K available (8632K kernel code, 1336K rwdata, 4036K rodata, 1492K init, 1292K bss, 257112K reserved, 0K cma-reserved)
Aug 13 19:18:40 ubuntu0006 kernel: [    0.000000] SLUB: HWalign=64, Order=0-3, MinObjects=0, CPUs=2, Nodes=1
Aug 13 19:18:40 ubuntu0006 kernel: [    0.000000] Kernel/User page tables isolation: enabled
Aug 13 19:18:40 ubuntu0006 kernel: [    0.000000] Hierarchical RCU implementation.
Aug 13 19:18:40 ubuntu0006 kernel: [    0.000000] 	Build-time adjustment of leaf fanout to 64.
Aug 13 19:18:40 ubuntu0006 kernel: [    0.000000] 	RCU restricting CPUs from NR_CPUS=512 to nr_cpu_ids=2.
Aug 13 19:18:40 ubuntu0006 kernel: [    0.000000] RCU: Adjusting geometry for rcu_fanout_leaf=64, nr_cpu_ids=2
Aug 13 19:18:40 ubuntu0006 kernel: [    0.000000] NR_IRQS:33024 nr_irqs:440 16
Aug 13 19:18:40 ubuntu0006 kernel: [    0.000000] vt handoff: transparent VT on vt#7
Aug 13 19:18:40 ubuntu0006 kernel: [    0.000000] Console: colour dummy device 80x25
Aug 13 19:18:40 ubuntu0006 kernel: [    0.000000] console [tty0] enabled
Aug 13 19:18:40 ubuntu0006 kernel: [    0.000000] tsc: Detected 2900.006 MHz processor
Aug 13 19:18:40 ubuntu0006 kernel: [    0.004000] Calibrating delay loop (skipped) preset value.. 5800.01 BogoMIPS (lpj=11600024)
Aug 13 19:18:40 ubuntu0006 kernel: [    0.004000] pid_max: default: 32768 minimum: 301
Aug 13 19:18:40 ubuntu0006 kernel: [    0.004000] ACPI: Core revision 20150930
Aug 13 19:18:40 ubuntu0006 kernel: [    0.004000] ACPI: 2 ACPI AML tables successfully acquired and loaded
Aug 13 19:18:40 ubuntu0006 kernel: [    0.004000] Security Framework initialized
Aug 13 19:18:40 ubuntu0006 kernel: [    0.004000] Yama: becoming mindful.
Aug 13 19:18:40 ubuntu0006 kernel: [    0.004000] AppArmor: AppArmor initialized
Aug 13 19:18:40 ubuntu0006 kernel: [    0.004000] Dentry cache hash table entries: 1048576 (order: 11, 8388608 bytes)
Aug 13 19:18:40 ubuntu0006 kernel: [    0.004000] Inode-cache hash table entries: 524288 (order: 10, 4194304 bytes)
Aug 13 19:18:40 ubuntu0006 kernel: [    0.004000] Mount-cache hash table entries: 16384 (order: 5, 131072 bytes)
Aug 13 19:18:40 ubuntu0006 kernel: [    0.004000] Mountpoint-cache hash table entries: 16384 (order: 5, 131072 bytes)
Aug 13 19:18:40 ubuntu0006 kernel: [    0.004000] Initializing cgroup subsys io
Aug 13 19:18:40 ubuntu0006 kernel: [    0.004000] Initializing cgroup subsys memory
Aug 13 19:18:40 ubuntu0006 kernel: [    0.004000] Initializing cgroup subsys devices
Aug 13 19:18:40 ubuntu0006 kernel: [    0.004000] Initializing cgroup subsys freezer
Aug 13 19:18:40 ubuntu0006 kernel: [    0.004000] Initializing cgroup subsys net_cls
Aug 13 19:18:40 ubuntu0006 kernel: [    0.004000] Initializing cgroup subsys perf_event
Aug 13 19:18:40 ubuntu0006 kernel: [    0.004000] Initializing cgroup subsys net_prio
Aug 13 19:18:40 ubuntu0006 kernel: [    0.004000] Initializing cgroup subsys hugetlb
Aug 13 19:18:40 ubuntu0006 kernel: [    0.004000] Initializing cgroup subsys pids
Aug 13 19:18:40 ubuntu0006 kernel: [    0.004000] mce: CPU supports 10 MCE banks
Aug 13 19:18:40 ubuntu0006 kernel: [    0.004000] Last level iTLB entries: 4KB 0, 2MB 0, 4MB 0
Aug 13 19:18:40 ubuntu0006 kernel: [    0.004000] Last level dTLB entries: 4KB 0, 2MB 0, 4MB 0, 1GB 0
Aug 13 19:18:40 ubuntu0006 kernel: [    0.004000] Spectre V1 : Mitigation: usercopy/swapgs barriers and __user pointer sanitization
Aug 13 19:18:40 ubuntu0006 kernel: [    0.004000] Spectre V2 : Mitigation: Full generic retpoline
Aug 13 19:18:40 ubuntu0006 kernel: [    0.004000] Spectre V2 : Spectre v2 / SpectreRSB mitigation: Filling RSB on context switch
Aug 13 19:18:40 ubuntu0006 kernel: [    0.004000] Speculative Store Bypass: Vulnerable
Aug 13 19:18:40 ubuntu0006 kernel: [    0.004000] MDS: Vulnerable: Clear CPU buffers attempted, no microcode
Aug 13 19:18:40 ubuntu0006 kernel: [    0.004965] Freeing SMP alternatives memory: 36K
Aug 13 19:18:40 ubuntu0006 kernel: [    0.008175] ftrace: allocating 32319 entries in 127 pages
Aug 13 19:18:40 ubuntu0006 kernel: [    0.036124] smpboot: APIC(0) Converting physical 0 to logical package 0
Aug 13 19:18:40 ubuntu0006 kernel: [    0.036127] smpboot: Max logical packages: 1
Aug 13 19:18:40 ubuntu0006 kernel: [    0.036252] x2apic enabled
Aug 13 19:18:40 ubuntu0006 kernel: [    0.036430] Switched APIC routing to physical x2apic.
Aug 13 19:18:40 ubuntu0006 kernel: [    0.037089] ..TIMER: vector=0x30 apic1=0 pin1=2 apic2=-1 pin2=-1
Aug 13 19:18:40 ubuntu0006 kernel: [    0.147113] smpboot: CPU0: Intel(R) Core(TM)2 Duo CPU     T7700  @ 2.40GHz (family: 0x6, model: 0xf, stepping: 0xb)
Aug 13 19:18:40 ubuntu0006 kernel: [    0.147146] Performance Events: unsupported p6 CPU model 15 no PMU driver, software events only.
Aug 13 19:18:40 ubuntu0006 kernel: [    0.148000] x86: Booting SMP configuration:
Aug 13 19:18:40 ubuntu0006 kernel: [    0.148000] .... node  #0, CPUs:      #1
Aug 13 19:18:40 ubuntu0006 kernel: [    0.004000] kvm-clock: cpu 1, msr 2:3ffee041, secondary cpu clock
Aug 13 19:18:40 ubuntu0006 kernel: [    0.148000] x86: Booted up 1 node, 2 CPUs
Aug 13 19:18:40 ubuntu0006 kernel: [    0.148000] KVM setup async PF for cpu 1
Aug 13 19:18:40 ubuntu0006 kernel: [    0.148000] smpboot: Total of 2 processors activated (11600.02 BogoMIPS)
Aug 13 19:18:40 ubuntu0006 kernel: [    0.148000] kvm-stealtime: cpu 1, msr 23fd10240
Aug 13 19:18:40 ubuntu0006 kernel: [    0.148000] devtmpfs: initialized
Aug 13 19:18:40 ubuntu0006 kernel: [    0.149933] evm: security.selinux
Aug 13 19:18:40 ubuntu0006 kernel: [    0.149934] evm: security.SMACK64
Aug 13 19:18:40 ubuntu0006 kernel: [    0.149935] evm: security.SMACK64EXEC
Aug 13 19:18:40 ubuntu0006 kernel: [    0.149936] evm: security.SMACK64TRANSMUTE
Aug 13 19:18:40 ubuntu0006 kernel: [    0.149937] evm: security.SMACK64MMAP
Aug 13 19:18:40 ubuntu0006 kernel: [    0.149938] evm: security.ima
Aug 13 19:18:40 ubuntu0006 kernel: [    0.149939] evm: security.capability
Aug 13 19:18:40 ubuntu0006 kernel: [    0.149980] clocksource: jiffies: mask: 0xffffffff max_cycles: 0xffffffff, max_idle_ns: 7645041785100000 ns
Aug 13 19:18:40 ubuntu0006 kernel: [    0.149980] futex hash table entries: 512 (order: 3, 32768 bytes)
Aug 13 19:18:40 ubuntu0006 kernel: [    0.149980] pinctrl core: initialized pinctrl subsystem
Aug 13 19:18:40 ubuntu0006 kernel: [    0.149980] RTC time: 11:18:36, date: 08/13/20
Aug 13 19:18:40 ubuntu0006 kernel: [    0.149980] NET: Registered protocol family 16
Aug 13 19:18:40 ubuntu0006 kernel: [    0.160013] cpuidle: using governor ladder
Aug 13 19:18:40 ubuntu0006 kernel: [    0.172015] cpuidle: using governor menu
Aug 13 19:18:40 ubuntu0006 kernel: [    0.172028] PCCT header not found.
Aug 13 19:18:40 ubuntu0006 kernel: [    0.172159] ACPI: bus type PCI registered
Aug 13 19:18:40 ubuntu0006 kernel: [    0.172162] acpiphp: ACPI Hot Plug PCI Controller Driver version: 0.5
Aug 13 19:18:40 ubuntu0006 kernel: [    0.172281] PCI: Using configuration type 1 for base access
Aug 13 19:18:40 ubuntu0006 kernel: [    0.184119] ACPI: Added _OSI(Module Device)
Aug 13 19:18:40 ubuntu0006 kernel: [    0.184119] ACPI: Added _OSI(Processor Device)
Aug 13 19:18:40 ubuntu0006 kernel: [    0.184119] ACPI: Added _OSI(3.0 _SCP Extensions)
Aug 13 19:18:40 ubuntu0006 kernel: [    0.184119] ACPI: Added _OSI(Processor Aggregator Device)
Aug 13 19:18:40 ubuntu0006 kernel: [    0.185015] ACPI: Interpreter enabled
Aug 13 19:18:40 ubuntu0006 kernel: [    0.185023] ACPI: (supports S0 S5)
Aug 13 19:18:40 ubuntu0006 kernel: [    0.185025] ACPI: Using IOAPIC for interrupt routing
Aug 13 19:18:40 ubuntu0006 kernel: [    0.185037] PCI: Using host bridge windows from ACPI; if necessary, use "pci=nocrs" and report a bug
Aug 13 19:18:40 ubuntu0006 kernel: [    0.186776] ACPI: PCI Root Bridge [PCI0] (domain 0000 [bus 00-ff])
Aug 13 19:18:40 ubuntu0006 kernel: [    0.186782] acpi PNP0A03:00: _OSC: OS supports [ASPM ClockPM Segments MSI]
Aug 13 19:18:40 ubuntu0006 kernel: [    0.186786] acpi PNP0A03:00: _OSC failed (AE_NOT_FOUND); disabling ASPM
Aug 13 19:18:40 ubuntu0006 kernel: [    0.186793] acpi PNP0A03:00: fail to add MMCONFIG information, can't access extended PCI configuration space under this bridge.
Aug 13 19:18:40 ubuntu0006 kernel: [    0.187012] acpiphp: Slot [4] registered
Aug 13 19:18:40 ubuntu0006 kernel: [    0.187035] acpiphp: Slot [5] registered
Aug 13 19:18:40 ubuntu0006 kernel: [    0.187057] acpiphp: Slot [6] registered
Aug 13 19:18:40 ubuntu0006 kernel: [    0.187079] acpiphp: Slot [7] registered
Aug 13 19:18:40 ubuntu0006 kernel: [    0.187100] acpiphp: Slot [8] registered
Aug 13 19:18:40 ubuntu0006 kernel: [    0.187121] acpiphp: Slot [9] registered
Aug 13 19:18:40 ubuntu0006 kernel: [    0.187142] acpiphp: Slot [10] registered
Aug 13 19:18:40 ubuntu0006 kernel: [    0.187164] acpiphp: Slot [11] registered
Aug 13 19:18:40 ubuntu0006 kernel: [    0.187185] acpiphp: Slot [12] registered
Aug 13 19:18:40 ubuntu0006 kernel: [    0.187206] acpiphp: Slot [13] registered
Aug 13 19:18:40 ubuntu0006 kernel: [    0.187227] acpiphp: Slot [14] registered
Aug 13 19:18:40 ubuntu0006 kernel: [    0.187251] acpiphp: Slot [15] registered
Aug 13 19:18:40 ubuntu0006 kernel: [    0.187278] acpiphp: Slot [16] registered
Aug 13 19:18:40 ubuntu0006 kernel: [    0.187304] acpiphp: Slot [17] registered
Aug 13 19:18:40 ubuntu0006 kernel: [    0.187328] acpiphp: Slot [18] registered
Aug 13 19:18:40 ubuntu0006 kernel: [    0.187351] acpiphp: Slot [19] registered
Aug 13 19:18:40 ubuntu0006 kernel: [    0.187373] acpiphp: Slot [20] registered
Aug 13 19:18:40 ubuntu0006 kernel: [    0.187396] acpiphp: Slot [21] registered
Aug 13 19:18:40 ubuntu0006 kernel: [    0.187417] acpiphp: Slot [22] registered
Aug 13 19:18:40 ubuntu0006 kernel: [    0.187438] acpiphp: Slot [23] registered
Aug 13 19:18:40 ubuntu0006 kernel: [    0.187462] acpiphp: Slot [24] registered
Aug 13 19:18:40 ubuntu0006 kernel: [    0.188042] acpiphp: Slot [27] registered
Aug 13 19:18:40 ubuntu0006 kernel: [    0.188065] acpiphp: Slot [28] registered
Aug 13 19:18:40 ubuntu0006 kernel: [    0.188086] acpiphp: Slot [29] registered
Aug 13 19:18:40 ubuntu0006 kernel: [    0.188110] acpiphp: Slot [30] registered
Aug 13 19:18:40 ubuntu0006 kernel: [    0.188131] acpiphp: Slot [31] registered
Aug 13 19:18:40 ubuntu0006 kernel: [    0.188140] PCI host bridge to bus 0000:00
Aug 13 19:18:40 ubuntu0006 kernel: [    0.188143] pci_bus 0000:00: root bus resource [io  0x0000-0x0cf7 window]
Aug 13 19:18:40 ubuntu0006 kernel: [    0.188145] pci_bus 0000:00: root bus resource [io  0x0d00-0xffff window]
Aug 13 19:18:40 ubuntu0006 kernel: [    0.188147] pci_bus 0000:00: root bus resource [mem 0x000a0000-0x000bffff window]
Aug 13 19:18:40 ubuntu0006 kernel: [    0.188148] pci_bus 0000:00: root bus resource [mem 0xc0000000-0xfebfffff window]
Aug 13 19:18:40 ubuntu0006 kernel: [    0.188150] pci_bus 0000:00: root bus resource [bus 00-ff]
Aug 13 19:18:40 ubuntu0006 kernel: [    0.188175] pci 0000:00:00.0: [8086:1237] type 00 class 0x060000
Aug 13 19:18:40 ubuntu0006 kernel: [    0.188432] pci 0000:00:01.0: [8086:7000] type 00 class 0x060100
Aug 13 19:18:40 ubuntu0006 kernel: [    0.188800] pci 0000:00:01.1: [8086:7010] type 00 class 0x010180
Aug 13 19:18:40 ubuntu0006 kernel: [    0.212011] pci 0000:00:01.1: reg 0x20: [io  0xc240-0xc24f]
Aug 13 19:18:40 ubuntu0006 kernel: [    0.222201] pci 0000:00:01.1: legacy IDE quirk: reg 0x10: [io  0x01f0-0x01f7]
Aug 13 19:18:40 ubuntu0006 kernel: [    0.222205] pci 0000:00:01.1: legacy IDE quirk: reg 0x14: [io  0x03f6]
Aug 13 19:18:40 ubuntu0006 kernel: [    0.222207] pci 0000:00:01.1: legacy IDE quirk: reg 0x18: [io  0x0170-0x0177]
Aug 13 19:18:40 ubuntu0006 kernel: [    0.222208] pci 0000:00:01.1: legacy IDE quirk: reg 0x1c: [io  0x0376]
Aug 13 19:18:40 ubuntu0006 kernel: [    0.222366] pci 0000:00:01.2: [8086:7020] type 00 class 0x0c0300
Aug 13 19:18:40 ubuntu0006 kernel: [    0.248013] pci 0000:00:01.2: reg 0x20: [io  0xc080-0xc09f]
Aug 13 19:18:40 ubuntu0006 kernel: [    0.260183] pci 0000:00:01.3: [8086:7113] type 00 class 0x068000
Aug 13 19:18:40 ubuntu0006 kernel: [    0.260443] pci 0000:00:01.3: quirk: [io  0x0600-0x063f] claimed by PIIX4 ACPI
Aug 13 19:18:40 ubuntu0006 kernel: [    0.260450] pci 0000:00:01.3: quirk: [io  0x0700-0x070f] claimed by PIIX4 SMB
Aug 13 19:18:40 ubuntu0006 kernel: [    0.260590] pci 0000:00:02.0: [1b36:0102] type 00 class 0x030000
Aug 13 19:18:40 ubuntu0006 kernel: [    0.272027] pci 0000:00:02.0: reg 0x10: [mem 0xf4000000-0xf7ffffff]
Aug 13 19:18:40 ubuntu0006 kernel: [    0.284021] pci 0000:00:02.0: reg 0x14: [mem 0xf8000000-0xfbffffff]
Aug 13 19:18:40 ubuntu0006 kernel: [    0.296021] pci 0000:00:02.0: reg 0x18: [mem 0xfc414000-0xfc415fff]
Aug 13 19:18:40 ubuntu0006 kernel: [    0.308019] pci 0000:00:02.0: reg 0x1c: [io  0xc0a0-0xc0bf]
Aug 13 19:18:40 ubuntu0006 kernel: [    0.344019] pci 0000:00:02.0: reg 0x30: [mem 0xfc400000-0xfc40ffff pref]
Aug 13 19:18:40 ubuntu0006 kernel: [    0.344216] pci 0000:00:03.0: [8086:2668] type 00 class 0x040300
Aug 13 19:18:40 ubuntu0006 kernel: [    0.352011] pci 0000:00:03.0: reg 0x10: [mem 0xfc410000-0xfc413fff]
Aug 13 19:18:40 ubuntu0006 kernel: [    0.386583] pci 0000:00:04.0: [1af4:101f] type 00 class 0x078000
Aug 13 19:18:40 ubuntu0006 kernel: [    0.396013] pci 0000:00:04.0: reg 0x10: [io  0xc0c0-0xc0df]
Aug 13 19:18:40 ubuntu0006 kernel: [    0.404011] pci 0000:00:04.0: reg 0x14: [mem 0xfc416000-0xfc416fff]
Aug 13 19:18:40 ubuntu0006 kernel: [    0.460244] pci 0000:00:05.0: [9527:9528] type 00 class 0x00ff00
Aug 13 19:18:40 ubuntu0006 kernel: [    0.468019] pci 0000:00:05.0: reg 0x10: [mem 0xfc417000-0xfc417fff]
Aug 13 19:18:40 ubuntu0006 kernel: [    0.480016] pci 0000:00:05.0: reg 0x14: [mem 0xfc000000-0xfc3fffff]
Aug 13 19:18:40 ubuntu0006 kernel: [    0.528271] pci 0000:00:06.0: [1af4:1003] type 00 class 0x078000
Aug 13 19:18:40 ubuntu0006 kernel: [    0.536013] pci 0000:00:06.0: reg 0x10: [io  0xc0e0-0xc0ff]
Aug 13 19:18:40 ubuntu0006 kernel: [    0.544013] pci 0000:00:06.0: reg 0x14: [mem 0xfc418000-0xfc418fff]
Aug 13 19:18:40 ubuntu0006 kernel: [    0.600229] pci 0000:00:07.0: [1af4:101f] type 00 class 0x078000
Aug 13 19:18:40 ubuntu0006 kernel: [    0.608010] pci 0000:00:07.0: reg 0x10: [io  0xc100-0xc11f]
Aug 13 19:18:40 ubuntu0006 kernel: [    0.620010] pci 0000:00:07.0: reg 0x14: [mem 0xfc419000-0xfc419fff]
Aug 13 19:18:40 ubuntu0006 kernel: [    0.668243] pci 0000:00:08.0: [1af4:1002] type 00 class 0x00ff00
Aug 13 19:18:40 ubuntu0006 kernel: [    0.676009] pci 0000:00:08.0: reg 0x10: [io  0xc120-0xc13f]
Aug 13 19:18:40 ubuntu0006 kernel: [    0.708260] pci 0000:00:0a.0: [1af4:1001] type 00 class 0x010000
Aug 13 19:18:40 ubuntu0006 kernel: [    0.716012] pci 0000:00:0a.0: reg 0x10: [io  0xc000-0xc03f]
Aug 13 19:18:40 ubuntu0006 kernel: [    0.724010] pci 0000:00:0a.0: reg 0x14: [mem 0xfc41a000-0xfc41afff]
Aug 13 19:18:40 ubuntu0006 kernel: [    0.776250] pci 0000:00:0b.0: [1af4:1001] type 00 class 0x010000
Aug 13 19:18:40 ubuntu0006 kernel: [    0.784011] pci 0000:00:0b.0: reg 0x10: [io  0xc040-0xc07f]
Aug 13 19:18:40 ubuntu0006 kernel: [    0.796011] pci 0000:00:0b.0: reg 0x14: [mem 0xfc41b000-0xfc41bfff]
Aug 13 19:18:40 ubuntu0006 kernel: [    0.852259] pci 0000:00:12.0: [1af4:1000] type 00 class 0x020000
Aug 13 19:18:40 ubuntu0006 kernel: [    0.860009] pci 0000:00:12.0: reg 0x10: [io  0xc140-0xc15f]
Aug 13 19:18:40 ubuntu0006 kernel: [    0.872009] pci 0000:00:12.0: reg 0x14: [mem 0xfc41c000-0xfc41cfff]
Aug 13 19:18:40 ubuntu0006 kernel: [    0.920332] pci 0000:00:19.0: [8086:2934] type 00 class 0x0c0300
Aug 13 19:18:40 ubuntu0006 kernel: [    0.950355] pci 0000:00:19.0: reg 0x20: [io  0xc160-0xc17f]
Aug 13 19:18:40 ubuntu0006 kernel: [    0.962714] pci 0000:00:19.1: [8086:2935] type 00 class 0x0c0300
Aug 13 19:18:40 ubuntu0006 kernel: [    0.990539] pci 0000:00:19.1: reg 0x20: [io  0xc180-0xc19f]
Aug 13 19:18:40 ubuntu0006 kernel: [    1.002340] pci 0000:00:19.2: [8086:2936] type 00 class 0x0c0300
Aug 13 19:18:40 ubuntu0006 kernel: [    1.030260] pci 0000:00:19.2: reg 0x20: [io  0xc1a0-0xc1bf]
Aug 13 19:18:40 ubuntu0006 kernel: [    1.041892] pci 0000:00:19.3: [8086:2937] type 00 class 0x0c0300
Aug 13 19:18:40 ubuntu0006 kernel: [    1.068011] pci 0000:00:19.3: reg 0x20: [io  0xc1c0-0xc1df]
Aug 13 19:18:40 ubuntu0006 kernel: [    1.080174] pci 0000:00:19.4: [8086:2938] type 00 class 0x0c0300
Aug 13 19:18:40 ubuntu0006 kernel: [    1.104009] pci 0000:00:19.4: reg 0x20: [io  0xc1e0-0xc1ff]
Aug 13 19:18:40 ubuntu0006 kernel: [    1.114424] pci 0000:00:19.5: [8086:2939] type 00 class 0x0c0300
Aug 13 19:18:40 ubuntu0006 kernel: [    1.142274] pci 0000:00:19.5: reg 0x20: [io  0xc200-0xc21f]
Aug 13 19:18:40 ubuntu0006 kernel: [    1.154429] pci 0000:00:19.7: [8086:293a] type 00 class 0x0c0320
Aug 13 19:18:40 ubuntu0006 kernel: [    1.158328] pci 0000:00:19.7: reg 0x10: [mem 0xfc41d000-0xfc41dfff]
Aug 13 19:18:40 ubuntu0006 kernel: [    1.192190] pci 0000:00:1a.0: [8086:2934] type 00 class 0x0c0300
Aug 13 19:18:40 ubuntu0006 kernel: [    1.222353] pci 0000:00:1a.0: reg 0x20: [io  0xc220-0xc23f]
Aug 13 19:18:40 ubuntu0006 kernel: [    1.234937] pci 0000:00:1a.7: [8086:293c] type 00 class 0x0c0320
Aug 13 19:18:40 ubuntu0006 kernel: [    1.240012] pci 0000:00:1a.7: reg 0x10: [mem 0xfc41e000-0xfc41efff]
Aug 13 19:18:40 ubuntu0006 kernel: [    1.276195] ACPI: PCI Interrupt Link [LNKA] (IRQs 5 *10 11)
Aug 13 19:18:40 ubuntu0006 kernel: [    1.276268] ACPI: PCI Interrupt Link [LNKB] (IRQs 5 *10 11)
Aug 13 19:18:40 ubuntu0006 kernel: [    1.276329] ACPI: PCI Interrupt Link [LNKC] (IRQs 5 10 *11)
Aug 13 19:18:40 ubuntu0006 kernel: [    1.276390] ACPI: PCI Interrupt Link [LNKD] (IRQs 5 10 *11)
Aug 13 19:18:40 ubuntu0006 kernel: [    1.276425] ACPI: PCI Interrupt Link [LNKS] (IRQs *9)
Aug 13 19:18:40 ubuntu0006 kernel: [    1.276685] ACPI: Enabled 16 GPEs in block 00 to 0F
Aug 13 19:18:40 ubuntu0006 kernel: [    1.276829] vgaarb: setting as boot device: PCI:0000:00:02.0
Aug 13 19:18:40 ubuntu0006 kernel: [    1.276829] vgaarb: device added: PCI:0000:00:02.0,decodes=io+mem,owns=io+mem,locks=none
Aug 13 19:18:40 ubuntu0006 kernel: [    1.276829] vgaarb: loaded
Aug 13 19:18:40 ubuntu0006 kernel: [    1.276829] vgaarb: bridge control possible 0000:00:02.0
Aug 13 19:18:40 ubuntu0006 kernel: [    1.276829] SCSI subsystem initialized
Aug 13 19:18:40 ubuntu0006 kernel: [    1.276837] libata version 3.00 loaded.
Aug 13 19:18:40 ubuntu0006 kernel: [    1.276837] ACPI: bus type USB registered
Aug 13 19:18:40 ubuntu0006 kernel: [    1.276837] usbcore: registered new interface driver usbfs
Aug 13 19:18:40 ubuntu0006 kernel: [    1.276837] usbcore: registered new interface driver hub
Aug 13 19:18:40 ubuntu0006 kernel: [    1.276837] usbcore: registered new device driver usb
Aug 13 19:18:40 ubuntu0006 kernel: [    1.276837] PCI: Using ACPI for IRQ routing
Aug 13 19:18:40 ubuntu0006 kernel: [    1.276837] PCI: pci_cache_line_size set to 64 bytes
Aug 13 19:18:40 ubuntu0006 kernel: [    1.276837] e820: reserve RAM buffer [mem 0x0009fc00-0x0009ffff]
Aug 13 19:18:40 ubuntu0006 kernel: [    1.276837] e820: reserve RAM buffer [mem 0xbffe0000-0xbfffffff]
Aug 13 19:18:40 ubuntu0006 kernel: [    1.276837] NetLabel: Initializing
Aug 13 19:18:40 ubuntu0006 kernel: [    1.276837] NetLabel:  domain hash size = 128
Aug 13 19:18:40 ubuntu0006 kernel: [    1.276837] NetLabel:  protocols = UNLABELED CIPSOv4
Aug 13 19:18:40 ubuntu0006 kernel: [    1.276837] NetLabel:  unlabeled traffic allowed by default
Aug 13 19:18:40 ubuntu0006 kernel: [    1.276837] amd_nb: Cannot enumerate AMD northbridges
Aug 13 19:18:40 ubuntu0006 kernel: [    1.276837] clocksource: Switched to clocksource kvm-clock
Aug 13 19:18:40 ubuntu0006 kernel: [    1.280675] AppArmor: AppArmor Filesystem Enabled
Aug 13 19:18:40 ubuntu0006 kernel: [    1.280738] pnp: PnP ACPI init
Aug 13 19:18:40 ubuntu0006 kernel: [    1.280795] pnp 00:00: Plug and Play ACPI device, IDs PNP0b00 (active)
Aug 13 19:18:40 ubuntu0006 kernel: [    1.280826] pnp 00:01: Plug and Play ACPI device, IDs PNP0303 (active)
Aug 13 19:18:40 ubuntu0006 kernel: [    1.280845] pnp 00:02: Plug and Play ACPI device, IDs PNP0f13 (active)
Aug 13 19:18:40 ubuntu0006 kernel: [    1.280866] pnp 00:03: [dma 2]
Aug 13 19:18:40 ubuntu0006 kernel: [    1.280876] pnp 00:03: Plug and Play ACPI device, IDs PNP0700 (active)
Aug 13 19:18:40 ubuntu0006 kernel: [    1.281062] pnp: PnP ACPI: found 4 devices
Aug 13 19:18:40 ubuntu0006 kernel: [    1.286470] clocksource: acpi_pm: mask: 0xffffff max_cycles: 0xffffff, max_idle_ns: 2085701024 ns
Aug 13 19:18:40 ubuntu0006 kernel: [    1.286490] pci_bus 0000:00: resource 4 [io  0x0000-0x0cf7 window]
Aug 13 19:18:40 ubuntu0006 kernel: [    1.286492] pci_bus 0000:00: resource 5 [io  0x0d00-0xffff window]
Aug 13 19:18:40 ubuntu0006 kernel: [    1.286494] pci_bus 0000:00: resource 6 [mem 0x000a0000-0x000bffff window]
Aug 13 19:18:40 ubuntu0006 kernel: [    1.286495] pci_bus 0000:00: resource 7 [mem 0xc0000000-0xfebfffff window]
Aug 13 19:18:40 ubuntu0006 kernel: [    1.286522] NET: Registered protocol family 2
Aug 13 19:18:40 ubuntu0006 kernel: [    1.286651] TCP established hash table entries: 65536 (order: 7, 524288 bytes)
Aug 13 19:18:40 ubuntu0006 kernel: [    1.286745] TCP bind hash table entries: 65536 (order: 8, 1048576 bytes)
Aug 13 19:18:40 ubuntu0006 kernel: [    1.286848] TCP: Hash tables configured (established 65536 bind 65536)
Aug 13 19:18:40 ubuntu0006 kernel: [    1.286887] UDP hash table entries: 4096 (order: 5, 131072 bytes)
Aug 13 19:18:40 ubuntu0006 kernel: [    1.286906] UDP-Lite hash table entries: 4096 (order: 5, 131072 bytes)
Aug 13 19:18:40 ubuntu0006 kernel: [    1.286956] NET: Registered protocol family 1
Aug 13 19:18:40 ubuntu0006 kernel: [    1.286969] pci 0000:00:00.0: Limiting direct PCI/PCI transfers
Aug 13 19:18:40 ubuntu0006 kernel: [    1.286987] pci 0000:00:01.0: PIIX3: Enabling Passive Release
Aug 13 19:18:40 ubuntu0006 kernel: [    1.287005] pci 0000:00:01.0: Activating ISA DMA hang workarounds
Aug 13 19:18:40 ubuntu0006 kernel: [    1.306200] ACPI: PCI Interrupt Link [LNKD] enabled at IRQ 11
Aug 13 19:18:40 ubuntu0006 kernel: [    1.327087] pci 0000:00:02.0: Video device with shadowed ROM
Aug 13 19:18:40 ubuntu0006 kernel: [    1.346282] ACPI: PCI Interrupt Link [LNKA] enabled at IRQ 10
Aug 13 19:18:40 ubuntu0006 kernel: [    1.386038] ACPI: PCI Interrupt Link [LNKB] enabled at IRQ 10
Aug 13 19:18:40 ubuntu0006 kernel: [    1.425672] ACPI: PCI Interrupt Link [LNKC] enabled at IRQ 11
Aug 13 19:18:40 ubuntu0006 kernel: [    1.680328] PCI: CLS 0 bytes, default 64
Aug 13 19:18:40 ubuntu0006 kernel: [    1.680383] Unpacking initramfs...
Aug 13 19:18:40 ubuntu0006 kernel: [    2.149761] Freeing initrd memory: 40784K
Aug 13 19:18:40 ubuntu0006 kernel: [    2.149801] PCI-DMA: Using software bounce buffering for IO (SWIOTLB)
Aug 13 19:18:40 ubuntu0006 kernel: [    2.149803] software IO TLB: mapped [mem 0xbbfe0000-0xbffe0000] (64MB)
Aug 13 19:18:40 ubuntu0006 kernel: [    2.149873] clocksource: tsc: mask: 0xffffffffffffffff max_cycles: 0x29cd48e1037, max_idle_ns: 440795333241 ns
Aug 13 19:18:40 ubuntu0006 kernel: [    2.149940] Scanning for low memory corruption every 60 seconds
Aug 13 19:18:40 ubuntu0006 kernel: [    2.150341] audit: initializing netlink subsys (disabled)
Aug 13 19:18:40 ubuntu0006 kernel: [    2.150364] audit: type=2000 audit(1597317518.350:1): initialized
Aug 13 19:18:40 ubuntu0006 kernel: [    2.150626] Initialise system trusted keyring
Aug 13 19:18:40 ubuntu0006 kernel: [    2.150785] HugeTLB registered 2 MB page size, pre-allocated 0 pages
Aug 13 19:18:40 ubuntu0006 kernel: [    2.151758] zbud: loaded
Aug 13 19:18:40 ubuntu0006 kernel: [    2.152162] VFS: Disk quotas dquot_6.6.0
Aug 13 19:18:40 ubuntu0006 kernel: [    2.152189] VFS: Dquot-cache hash table entries: 512 (order 0, 4096 bytes)
Aug 13 19:18:40 ubuntu0006 kernel: [    2.152389] squashfs: version 4.0 (2009/01/31) Phillip Lougher
Aug 13 19:18:40 ubuntu0006 kernel: [    2.152584] fuse init (API version 7.23)
Aug 13 19:18:40 ubuntu0006 kernel: [    2.152668] Key type big_key registered
Aug 13 19:18:40 ubuntu0006 kernel: [    2.152684] Allocating IMA MOK and blacklist keyrings.
Aug 13 19:18:40 ubuntu0006 kernel: [    2.153201] Key type asymmetric registered
Aug 13 19:18:40 ubuntu0006 kernel: [    2.153203] Asymmetric key parser 'x509' registered
Aug 13 19:18:40 ubuntu0006 kernel: [    2.153231] Block layer SCSI generic (bsg) driver version 0.4 loaded (major 249)
Aug 13 19:18:40 ubuntu0006 kernel: [    2.153284] io scheduler noop registered
Aug 13 19:18:40 ubuntu0006 kernel: [    2.153287] io scheduler deadline registered (default)
Aug 13 19:18:40 ubuntu0006 kernel: [    2.153319] io scheduler cfq registered
Aug 13 19:18:40 ubuntu0006 kernel: [    2.153441] pci_hotplug: PCI Hot Plug PCI Core version: 0.5
Aug 13 19:18:40 ubuntu0006 kernel: [    2.153447] pciehp: PCI Express Hot Plug Controller Driver version: 0.4
Aug 13 19:18:40 ubuntu0006 kernel: [    2.153475] vesafb: mode is 640x480x32, linelength=2560, pages=0
Aug 13 19:18:40 ubuntu0006 kernel: [    2.153476] vesafb: scrolling: redraw
Aug 13 19:18:40 ubuntu0006 kernel: [    2.153479] vesafb: Truecolor: size=8:8:8:8, shift=24:16:8:0
Aug 13 19:18:40 ubuntu0006 kernel: [    2.153491] vesafb: framebuffer at 0xf4000000, mapped to 0xffffc90001000000, using 1216k, total 1216k
Aug 13 19:18:40 ubuntu0006 kernel: [    2.153555] Console: switching to colour frame buffer device 80x30
Aug 13 19:18:40 ubuntu0006 kernel: [    2.153563] fb0: VESA VGA frame buffer device
Aug 13 19:18:40 ubuntu0006 kernel: [    2.153575] intel_idle: does not run on family 6 model 15
Aug 13 19:18:40 ubuntu0006 kernel: [    2.153636] input: Power Button as /devices/LNXSYSTM:00/LNXPWRBN:00/input/input0
Aug 13 19:18:40 ubuntu0006 kernel: [    2.153640] ACPI: Power Button [PWRF]
Aug 13 19:18:40 ubuntu0006 kernel: [    2.153795] GHES: HEST is not enabled!
Aug 13 19:18:40 ubuntu0006 kernel: [    2.172989] virtio-pci 0000:00:04.0: virtio_pci: leaving for legacy driver
Aug 13 19:18:40 ubuntu0006 kernel: [    2.193083] virtio-pci 0000:00:06.0: virtio_pci: leaving for legacy driver
Aug 13 19:18:40 ubuntu0006 kernel: [    2.213179] virtio-pci 0000:00:07.0: virtio_pci: leaving for legacy driver
Aug 13 19:18:40 ubuntu0006 kernel: [    2.233499] virtio-pci 0000:00:08.0: virtio_pci: leaving for legacy driver
Aug 13 19:18:40 ubuntu0006 kernel: [    2.253737] virtio-pci 0000:00:0a.0: virtio_pci: leaving for legacy driver
Aug 13 19:18:40 ubuntu0006 kernel: [    2.273078] virtio-pci 0000:00:0b.0: virtio_pci: leaving for legacy driver
Aug 13 19:18:40 ubuntu0006 kernel: [    2.292346] virtio-pci 0000:00:12.0: virtio_pci: leaving for legacy driver
Aug 13 19:18:40 ubuntu0006 kernel: [    2.293996] Serial: 8250/16550 driver, 32 ports, IRQ sharing enabled
Aug 13 19:18:40 ubuntu0006 kernel: [    2.295964] Linux agpgart interface v0.103
Aug 13 19:18:40 ubuntu0006 kernel: [    2.297288] loop: module loaded
Aug 13 19:18:40 ubuntu0006 kernel: [    2.298796]  vda: vda1 vda2 < vda5 >
Aug 13 19:18:40 ubuntu0006 kernel: [    2.301041] ata_piix 0000:00:01.1: version 2.13
Aug 13 19:18:40 ubuntu0006 kernel: [    2.302838] scsi host0: ata_piix
Aug 13 19:18:40 ubuntu0006 kernel: [    2.302944] scsi host1: ata_piix
Aug 13 19:18:40 ubuntu0006 kernel: [    2.302969] ata1: PATA max MWDMA2 cmd 0x1f0 ctl 0x3f6 bmdma 0xc240 irq 14
Aug 13 19:18:40 ubuntu0006 kernel: [    2.302971] ata2: PATA max MWDMA2 cmd 0x170 ctl 0x376 bmdma 0xc248 irq 15
Aug 13 19:18:40 ubuntu0006 kernel: [    2.303068] libphy: Fixed MDIO Bus: probed
Aug 13 19:18:40 ubuntu0006 kernel: [    2.303071] tun: Universal TUN/TAP device driver, 1.6
Aug 13 19:18:40 ubuntu0006 kernel: [    2.303072] tun: (C) 1999-2004 Max Krasnyansky <maxk@qualcomm.com>
Aug 13 19:18:40 ubuntu0006 kernel: [    2.303995] PPP generic driver version 2.4.2
Aug 13 19:18:40 ubuntu0006 kernel: [    2.304076] ehci_hcd: USB 2.0 'Enhanced' Host Controller (EHCI) Driver
Aug 13 19:18:40 ubuntu0006 kernel: [    2.304082] ehci-pci: EHCI PCI platform driver
Aug 13 19:18:40 ubuntu0006 kernel: [    2.324739] ehci-pci 0000:00:19.7: EHCI Host Controller
Aug 13 19:18:40 ubuntu0006 kernel: [    2.324751] ehci-pci 0000:00:19.7: new USB bus registered, assigned bus number 1
Aug 13 19:18:40 ubuntu0006 kernel: [    2.324849] ehci-pci 0000:00:19.7: irq 11, io mem 0xfc41d000
Aug 13 19:18:40 ubuntu0006 kernel: [    2.336037] ehci-pci 0000:00:19.7: USB 2.0 started, EHCI 1.00
Aug 13 19:18:40 ubuntu0006 kernel: [    2.336081] usb usb1: New USB device found, idVendor=1d6b, idProduct=0002
Aug 13 19:18:40 ubuntu0006 kernel: [    2.336083] usb usb1: New USB device strings: Mfr=3, Product=2, SerialNumber=1
Aug 13 19:18:40 ubuntu0006 kernel: [    2.336085] usb usb1: Product: EHCI Host Controller
Aug 13 19:18:40 ubuntu0006 kernel: [    2.336087] usb usb1: Manufacturer: Linux 4.4.0-184-generic ehci_hcd
Aug 13 19:18:40 ubuntu0006 kernel: [    2.336089] usb usb1: SerialNumber: 0000:00:19.7
Aug 13 19:18:40 ubuntu0006 kernel: [    2.336234] hub 1-0:1.0: USB hub found
Aug 13 19:18:40 ubuntu0006 kernel: [    2.336238] hub 1-0:1.0: 15 ports detected
Aug 13 19:18:40 ubuntu0006 kernel: [    2.357172] ehci-pci 0000:00:1a.7: EHCI Host Controller
Aug 13 19:18:40 ubuntu0006 kernel: [    2.357181] ehci-pci 0000:00:1a.7: new USB bus registered, assigned bus number 2
Aug 13 19:18:40 ubuntu0006 kernel: [    2.357315] ehci-pci 0000:00:1a.7: irq 10, io mem 0xfc41e000
Aug 13 19:18:40 ubuntu0006 kernel: [    2.368061] ehci-pci 0000:00:1a.7: USB 2.0 started, EHCI 1.00
Aug 13 19:18:40 ubuntu0006 kernel: [    2.368111] usb usb2: New USB device found, idVendor=1d6b, idProduct=0002
Aug 13 19:18:40 ubuntu0006 kernel: [    2.368113] usb usb2: New USB device strings: Mfr=3, Product=2, SerialNumber=1
Aug 13 19:18:40 ubuntu0006 kernel: [    2.368115] usb usb2: Product: EHCI Host Controller
Aug 13 19:18:40 ubuntu0006 kernel: [    2.368117] usb usb2: Manufacturer: Linux 4.4.0-184-generic ehci_hcd
Aug 13 19:18:40 ubuntu0006 kernel: [    2.368118] usb usb2: SerialNumber: 0000:00:1a.7
Aug 13 19:18:40 ubuntu0006 kernel: [    2.368259] hub 2-0:1.0: USB hub found
Aug 13 19:18:40 ubuntu0006 kernel: [    2.368264] hub 2-0:1.0: 15 ports detected
Aug 13 19:18:40 ubuntu0006 kernel: [    2.368517] ehci-platform: EHCI generic platform driver
Aug 13 19:18:40 ubuntu0006 kernel: [    2.368528] ohci_hcd: USB 1.1 'Open' Host Controller (OHCI) Driver
Aug 13 19:18:40 ubuntu0006 kernel: [    2.368536] ohci-pci: OHCI PCI platform driver
Aug 13 19:18:40 ubuntu0006 kernel: [    2.368550] ohci-platform: OHCI generic platform driver
Aug 13 19:18:40 ubuntu0006 kernel: [    2.368556] uhci_hcd: USB Universal Host Controller Interface driver
Aug 13 19:18:40 ubuntu0006 kernel: [    2.390087] uhci_hcd 0000:00:01.2: UHCI Host Controller
Aug 13 19:18:40 ubuntu0006 kernel: [    2.390101] uhci_hcd 0000:00:01.2: new USB bus registered, assigned bus number 3
Aug 13 19:18:40 ubuntu0006 kernel: [    2.390119] uhci_hcd 0000:00:01.2: detected 2 ports
Aug 13 19:18:40 ubuntu0006 kernel: [    2.390164] uhci_hcd 0000:00:01.2: irq 11, io base 0x0000c080
Aug 13 19:18:40 ubuntu0006 kernel: [    2.390255] usb usb3: New USB device found, idVendor=1d6b, idProduct=0001
Aug 13 19:18:40 ubuntu0006 kernel: [    2.390258] usb usb3: New USB device strings: Mfr=3, Product=2, SerialNumber=1
Aug 13 19:18:40 ubuntu0006 kernel: [    2.390260] usb usb3: Product: UHCI Host Controller
Aug 13 19:18:40 ubuntu0006 kernel: [    2.390261] usb usb3: Manufacturer: Linux 4.4.0-184-generic uhci_hcd
Aug 13 19:18:40 ubuntu0006 kernel: [    2.390263] usb usb3: SerialNumber: 0000:00:01.2
Aug 13 19:18:40 ubuntu0006 kernel: [    2.390400] hub 3-0:1.0: USB hub found
Aug 13 19:18:40 ubuntu0006 kernel: [    2.390404] hub 3-0:1.0: 2 ports detected
Aug 13 19:18:40 ubuntu0006 kernel: [    2.412117] uhci_hcd 0000:00:19.0: UHCI Host Controller
Aug 13 19:18:40 ubuntu0006 kernel: [    2.412130] uhci_hcd 0000:00:19.0: new USB bus registered, assigned bus number 4
Aug 13 19:18:40 ubuntu0006 kernel: [    2.412148] uhci_hcd 0000:00:19.0: detected 2 ports
Aug 13 19:18:40 ubuntu0006 kernel: [    2.412185] uhci_hcd 0000:00:19.0: irq 10, io base 0x0000c160
Aug 13 19:18:40 ubuntu0006 kernel: [    2.412246] usb usb4: New USB device found, idVendor=1d6b, idProduct=0001
Aug 13 19:18:40 ubuntu0006 kernel: [    2.412248] usb usb4: New USB device strings: Mfr=3, Product=2, SerialNumber=1
Aug 13 19:18:40 ubuntu0006 kernel: [    2.412250] usb usb4: Product: UHCI Host Controller
Aug 13 19:18:40 ubuntu0006 kernel: [    2.412252] usb usb4: Manufacturer: Linux 4.4.0-184-generic uhci_hcd
Aug 13 19:18:40 ubuntu0006 kernel: [    2.412253] usb usb4: SerialNumber: 0000:00:19.0
Aug 13 19:18:40 ubuntu0006 kernel: [    2.412384] hub 4-0:1.0: USB hub found
Aug 13 19:18:40 ubuntu0006 kernel: [    2.412388] hub 4-0:1.0: 2 ports detected
Aug 13 19:18:40 ubuntu0006 kernel: [    2.433960] uhci_hcd 0000:00:19.1: UHCI Host Controller
Aug 13 19:18:40 ubuntu0006 kernel: [    2.433969] uhci_hcd 0000:00:19.1: new USB bus registered, assigned bus number 5
Aug 13 19:18:40 ubuntu0006 kernel: [    2.433983] uhci_hcd 0000:00:19.1: detected 2 ports
Aug 13 19:18:40 ubuntu0006 kernel: [    2.434020] uhci_hcd 0000:00:19.1: irq 10, io base 0x0000c180
Aug 13 19:18:40 ubuntu0006 kernel: [    2.434077] usb usb5: New USB device found, idVendor=1d6b, idProduct=0001
Aug 13 19:18:40 ubuntu0006 kernel: [    2.434079] usb usb5: New USB device strings: Mfr=3, Product=2, SerialNumber=1
Aug 13 19:18:40 ubuntu0006 kernel: [    2.434081] usb usb5: Product: UHCI Host Controller
Aug 13 19:18:40 ubuntu0006 kernel: [    2.434083] usb usb5: Manufacturer: Linux 4.4.0-184-generic uhci_hcd
Aug 13 19:18:40 ubuntu0006 kernel: [    2.434085] usb usb5: SerialNumber: 0000:00:19.1
Aug 13 19:18:40 ubuntu0006 kernel: [    2.434196] hub 5-0:1.0: USB hub found
Aug 13 19:18:40 ubuntu0006 kernel: [    2.434201] hub 5-0:1.0: 2 ports detected
Aug 13 19:18:40 ubuntu0006 kernel: [    2.455594] uhci_hcd 0000:00:19.2: UHCI Host Controller
Aug 13 19:18:40 ubuntu0006 kernel: [    2.455604] uhci_hcd 0000:00:19.2: new USB bus registered, assigned bus number 6
Aug 13 19:18:40 ubuntu0006 kernel: [    2.455617] uhci_hcd 0000:00:19.2: detected 2 ports
Aug 13 19:18:40 ubuntu0006 kernel: [    2.455654] uhci_hcd 0000:00:19.2: irq 11, io base 0x0000c1a0
Aug 13 19:18:40 ubuntu0006 kernel: [    2.455710] usb usb6: New USB device found, idVendor=1d6b, idProduct=0001
Aug 13 19:18:40 ubuntu0006 kernel: [    2.455712] usb usb6: New USB device strings: Mfr=3, Product=2, SerialNumber=1
Aug 13 19:18:40 ubuntu0006 kernel: [    2.455714] usb usb6: Product: UHCI Host Controller
Aug 13 19:18:40 ubuntu0006 kernel: [    2.455716] usb usb6: Manufacturer: Linux 4.4.0-184-generic uhci_hcd
Aug 13 19:18:40 ubuntu0006 kernel: [    2.455717] usb usb6: SerialNumber: 0000:00:19.2
Aug 13 19:18:40 ubuntu0006 kernel: [    2.455839] hub 6-0:1.0: USB hub found
Aug 13 19:18:40 ubuntu0006 kernel: [    2.455843] hub 6-0:1.0: 2 ports detected
Aug 13 19:18:40 ubuntu0006 kernel: [    2.477306] uhci_hcd 0000:00:19.3: UHCI Host Controller
Aug 13 19:18:40 ubuntu0006 kernel: [    2.477314] uhci_hcd 0000:00:19.3: new USB bus registered, assigned bus number 7
Aug 13 19:18:40 ubuntu0006 kernel: [    2.477328] uhci_hcd 0000:00:19.3: detected 2 ports
Aug 13 19:18:40 ubuntu0006 kernel: [    2.477365] uhci_hcd 0000:00:19.3: irq 10, io base 0x0000c1c0
Aug 13 19:18:40 ubuntu0006 kernel: [    2.477421] usb usb7: New USB device found, idVendor=1d6b, idProduct=0001
Aug 13 19:18:40 ubuntu0006 kernel: [    2.477423] usb usb7: New USB device strings: Mfr=3, Product=2, SerialNumber=1
Aug 13 19:18:40 ubuntu0006 kernel: [    2.477425] usb usb7: Product: UHCI Host Controller
Aug 13 19:18:40 ubuntu0006 kernel: [    2.477426] usb usb7: Manufacturer: Linux 4.4.0-184-generic uhci_hcd
Aug 13 19:18:40 ubuntu0006 kernel: [    2.477428] usb usb7: SerialNumber: 0000:00:19.3
Aug 13 19:18:40 ubuntu0006 kernel: [    2.477544] hub 7-0:1.0: USB hub found
Aug 13 19:18:40 ubuntu0006 kernel: [    2.477549] hub 7-0:1.0: 2 ports detected
Aug 13 19:18:40 ubuntu0006 kernel: [    2.499226] uhci_hcd 0000:00:19.4: UHCI Host Controller
Aug 13 19:18:40 ubuntu0006 kernel: [    2.499238] uhci_hcd 0000:00:19.4: new USB bus registered, assigned bus number 8
Aug 13 19:18:40 ubuntu0006 kernel: [    2.499251] uhci_hcd 0000:00:19.4: detected 2 ports
Aug 13 19:18:40 ubuntu0006 kernel: [    2.499289] uhci_hcd 0000:00:19.4: irq 10, io base 0x0000c1e0
Aug 13 19:18:40 ubuntu0006 kernel: [    2.499348] usb usb8: New USB device found, idVendor=1d6b, idProduct=0001
Aug 13 19:18:40 ubuntu0006 kernel: [    2.499349] usb usb8: New USB device strings: Mfr=3, Product=2, SerialNumber=1
Aug 13 19:18:40 ubuntu0006 kernel: [    2.499351] usb usb8: Product: UHCI Host Controller
Aug 13 19:18:40 ubuntu0006 kernel: [    2.499353] usb usb8: Manufacturer: Linux 4.4.0-184-generic uhci_hcd
Aug 13 19:18:40 ubuntu0006 kernel: [    2.499354] usb usb8: SerialNumber: 0000:00:19.4
Aug 13 19:18:40 ubuntu0006 kernel: [    2.499529] hub 8-0:1.0: USB hub found
Aug 13 19:18:40 ubuntu0006 kernel: [    2.499533] hub 8-0:1.0: 2 ports detected
Aug 13 19:18:40 ubuntu0006 kernel: [    2.521211] uhci_hcd 0000:00:19.5: UHCI Host Controller
Aug 13 19:18:40 ubuntu0006 kernel: [    2.521219] uhci_hcd 0000:00:19.5: new USB bus registered, assigned bus number 9
Aug 13 19:18:40 ubuntu0006 kernel: [    2.521232] uhci_hcd 0000:00:19.5: detected 2 ports
Aug 13 19:18:40 ubuntu0006 kernel: [    2.521268] uhci_hcd 0000:00:19.5: irq 11, io base 0x0000c200
Aug 13 19:18:40 ubuntu0006 kernel: [    2.521329] usb usb9: New USB device found, idVendor=1d6b, idProduct=0001
Aug 13 19:18:40 ubuntu0006 kernel: [    2.521331] usb usb9: New USB device strings: Mfr=3, Product=2, SerialNumber=1
Aug 13 19:18:40 ubuntu0006 kernel: [    2.521333] usb usb9: Product: UHCI Host Controller
Aug 13 19:18:40 ubuntu0006 kernel: [    2.521334] usb usb9: Manufacturer: Linux 4.4.0-184-generic uhci_hcd
Aug 13 19:18:40 ubuntu0006 kernel: [    2.521336] usb usb9: SerialNumber: 0000:00:19.5
Aug 13 19:18:40 ubuntu0006 kernel: [    2.521454] hub 9-0:1.0: USB hub found
Aug 13 19:18:40 ubuntu0006 kernel: [    2.521458] hub 9-0:1.0: 2 ports detected
Aug 13 19:18:40 ubuntu0006 kernel: [    2.543331] uhci_hcd 0000:00:1a.0: UHCI Host Controller
Aug 13 19:18:40 ubuntu0006 kernel: [    2.543339] uhci_hcd 0000:00:1a.0: new USB bus registered, assigned bus number 10
Aug 13 19:18:40 ubuntu0006 kernel: [    2.543352] uhci_hcd 0000:00:1a.0: detected 2 ports
Aug 13 19:18:40 ubuntu0006 kernel: [    2.543389] uhci_hcd 0000:00:1a.0: irq 10, io base 0x0000c220
Aug 13 19:18:40 ubuntu0006 kernel: [    2.543446] usb usb10: New USB device found, idVendor=1d6b, idProduct=0001
Aug 13 19:18:40 ubuntu0006 kernel: [    2.543447] usb usb10: New USB device strings: Mfr=3, Product=2, SerialNumber=1
Aug 13 19:18:40 ubuntu0006 kernel: [    2.543449] usb usb10: Product: UHCI Host Controller
Aug 13 19:18:40 ubuntu0006 kernel: [    2.543451] usb usb10: Manufacturer: Linux 4.4.0-184-generic uhci_hcd
Aug 13 19:18:40 ubuntu0006 kernel: [    2.543452] usb usb10: SerialNumber: 0000:00:1a.0
Aug 13 19:18:40 ubuntu0006 kernel: [    2.543572] hub 10-0:1.0: USB hub found
Aug 13 19:18:40 ubuntu0006 kernel: [    2.543576] hub 10-0:1.0: 2 ports detected
Aug 13 19:18:40 ubuntu0006 kernel: [    2.543702] i8042: PNP: PS/2 Controller [PNP0303:KBD,PNP0f13:MOU] at 0x60,0x64 irq 1,12
Aug 13 19:18:40 ubuntu0006 kernel: [    2.544265] serio: i8042 KBD port at 0x60,0x64 irq 1
Aug 13 19:18:40 ubuntu0006 kernel: [    2.544269] serio: i8042 AUX port at 0x60,0x64 irq 12
Aug 13 19:18:40 ubuntu0006 kernel: [    2.544387] mousedev: PS/2 mouse device common for all mice
Aug 13 19:18:40 ubuntu0006 kernel: [    2.544544] rtc_cmos 00:00: RTC can wake from S4
Aug 13 19:18:40 ubuntu0006 kernel: [    2.544817] input: AT Translated Set 2 keyboard as /devices/platform/i8042/serio0/input/input1
Aug 13 19:18:40 ubuntu0006 kernel: [    2.544980] rtc_cmos 00:00: rtc core: registered rtc_cmos as rtc0
Aug 13 19:18:40 ubuntu0006 kernel: [    2.545031] rtc_cmos 00:00: alarms up to one day, 114 bytes nvram
Aug 13 19:18:40 ubuntu0006 kernel: [    2.545037] i2c /dev entries driver
Aug 13 19:18:40 ubuntu0006 kernel: [    2.545086] device-mapper: uevent: version 1.0.3
Aug 13 19:18:40 ubuntu0006 kernel: [    2.545144] device-mapper: ioctl: 4.34.0-ioctl (2015-10-28) initialised: dm-devel@redhat.com
Aug 13 19:18:40 ubuntu0006 kernel: [    2.545165] ledtrig-cpu: registered to indicate activity on CPUs
Aug 13 19:18:40 ubuntu0006 kernel: [    2.545539] NET: Registered protocol family 10
Aug 13 19:18:40 ubuntu0006 kernel: [    2.545764] NET: Registered protocol family 17
Aug 13 19:18:40 ubuntu0006 kernel: [    2.545774] Key type dns_resolver registered
Aug 13 19:18:40 ubuntu0006 kernel: [    2.546071] registered taskstats version 1
Aug 13 19:18:40 ubuntu0006 kernel: [    2.546087] Loading compiled-in X.509 certificates
Aug 13 19:18:40 ubuntu0006 kernel: [    2.546558] Loaded X.509 cert 'Build time autogenerated kernel key: b6ae09eed57f82583ccd3c65c463e852cdd7a0b5'
Aug 13 19:18:40 ubuntu0006 kernel: [    2.546574] zswap: loaded using pool lzo/zbud
Aug 13 19:18:40 ubuntu0006 kernel: [    2.548361] Key type trusted registered
Aug 13 19:18:40 ubuntu0006 kernel: [    2.551445] Key type encrypted registered
Aug 13 19:18:40 ubuntu0006 kernel: [    2.551452] AppArmor: AppArmor sha1 policy hashing enabled
Aug 13 19:18:40 ubuntu0006 kernel: [    2.551456] ima: No TPM chip found, activating TPM-bypass!
Aug 13 19:18:40 ubuntu0006 kernel: [    2.551462] ima: Allocated hash algorithm: sha1
Aug 13 19:18:40 ubuntu0006 kernel: [    2.551474] evm: HMAC attrs: 0x1
Aug 13 19:18:40 ubuntu0006 kernel: [    2.551843]   Magic number: 0:426:327
Aug 13 19:18:40 ubuntu0006 kernel: [    2.551957] rtc_cmos 00:00: setting system clock to 2020-08-13 11:18:38 UTC (1597317518)
Aug 13 19:18:40 ubuntu0006 kernel: [    2.552044] BIOS EDD facility v0.16 2004-Jun-25, 0 devices found
Aug 13 19:18:40 ubuntu0006 kernel: [    2.552045] EDD information not available.
Aug 13 19:18:40 ubuntu0006 kernel: [    2.552078] PM: Hibernation image not present or could not be loaded.
Aug 13 19:18:40 ubuntu0006 kernel: [    2.553252] Freeing unused kernel memory: 1492K
Aug 13 19:18:40 ubuntu0006 kernel: [    2.568032] Write protecting the kernel read-only data: 14336k
Aug 13 19:18:40 ubuntu0006 kernel: [    2.568549] Freeing unused kernel memory: 1596K
Aug 13 19:18:40 ubuntu0006 kernel: [    2.568673] Freeing unused kernel memory: 60K
Aug 13 19:18:40 ubuntu0006 kernel: [    2.578905] random: systemd-udevd: uninitialized urandom read (16 bytes read, 2 bits of entropy available)
Aug 13 19:18:40 ubuntu0006 kernel: [    2.578971] random: systemd-udevd: uninitialized urandom read (16 bytes read, 2 bits of entropy available)
Aug 13 19:18:40 ubuntu0006 kernel: [    2.578980] random: systemd-udevd: uninitialized urandom read (16 bytes read, 2 bits of entropy available)
Aug 13 19:18:40 ubuntu0006 kernel: [    2.579309] random: udevadm: uninitialized urandom read (16 bytes read, 2 bits of entropy available)
Aug 13 19:18:40 ubuntu0006 kernel: [    2.579328] random: udevadm: uninitialized urandom read (16 bytes read, 2 bits of entropy available)
Aug 13 19:18:40 ubuntu0006 kernel: [    2.585005] random: systemd-udevd: uninitialized urandom read (16 bytes read, 2 bits of entropy available)
Aug 13 19:18:40 ubuntu0006 kernel: [    2.585023] random: systemd-udevd: uninitialized urandom read (16 bytes read, 2 bits of entropy available)
Aug 13 19:18:40 ubuntu0006 kernel: [    2.585029] random: systemd-udevd: uninitialized urandom read (16 bytes read, 2 bits of entropy available)
Aug 13 19:18:40 ubuntu0006 kernel: [    2.585286] random: systemd-udevd: uninitialized urandom read (16 bytes read, 2 bits of entropy available)
Aug 13 19:18:40 ubuntu0006 kernel: [    2.585308] random: systemd-udevd: uninitialized urandom read (16 bytes read, 2 bits of entropy available)
Aug 13 19:18:40 ubuntu0006 kernel: [    2.627347] virtio_net virtio6 ens18: renamed from eth0
Aug 13 19:18:40 ubuntu0006 kernel: [    2.653647] input: VirtualPS/2 VMware VMMouse as /devices/platform/i8042/serio1/input/input4
Aug 13 19:18:40 ubuntu0006 kernel: [    2.653834] input: VirtualPS/2 VMware VMMouse as /devices/platform/i8042/serio1/input/input3
Aug 13 19:18:40 ubuntu0006 kernel: [    2.668443] FDC 0 is a S82078B
Aug 13 19:18:40 ubuntu0006 kernel: [    2.968169] EXT4-fs (vda1): mounted filesystem with ordered data mode. Opts: (null)
Aug 13 19:18:40 ubuntu0006 kernel: [    3.717518] lp: driver loaded but no devices found
Aug 13 19:18:40 ubuntu0006 kernel: [    3.721286] ppdev: user-space parallel port driver
Aug 13 19:18:40 ubuntu0006 kernel: [    3.732635] EXT4-fs (vda1): re-mounted. Opts: errors=remount-ro
Aug 13 19:18:40 ubuntu0006 kernel: [    3.954205] audit: type=1400 audit(1597317519.900:2): apparmor="STATUS" operation="profile_load" profile="unconfined" name="/sbin/dhclient" pid=430 comm="apparmor_parser"
Aug 13 19:18:40 ubuntu0006 kernel: [    3.954212] audit: type=1400 audit(1597317519.900:3): apparmor="STATUS" operation="profile_load" profile="unconfined" name="/usr/lib/NetworkManager/nm-dhcp-client.action" pid=430 comm="apparmor_parser"
Aug 13 19:18:40 ubuntu0006 kernel: [    3.954216] audit: type=1400 audit(1597317519.900:4): apparmor="STATUS" operation="profile_load" profile="unconfined" name="/usr/lib/NetworkManager/nm-dhcp-helper" pid=430 comm="apparmor_parser"
Aug 13 19:18:40 ubuntu0006 kernel: [    3.954220] audit: type=1400 audit(1597317519.900:5): apparmor="STATUS" operation="profile_load" profile="unconfined" name="/usr/lib/connman/scripts/dhclient-script" pid=430 comm="apparmor_parser"
Aug 13 19:18:40 ubuntu0006 kernel: [    3.959336] audit: type=1400 audit(1597317519.904:6): apparmor="STATUS" operation="profile_load" profile="unconfined" name="/usr/lib/lightdm/lightdm-guest-session" pid=429 comm="apparmor_parser"
Aug 13 19:18:40 ubuntu0006 kernel: [    3.959343] audit: type=1400 audit(1597317519.904:7): apparmor="STATUS" operation="profile_load" profile="unconfined" name="/usr/lib/lightdm/lightdm-guest-session//chromium" pid=429 comm="apparmor_parser"
Aug 13 19:18:40 ubuntu0006 kernel: [    3.969143] audit: type=1400 audit(1597317519.916:8): apparmor="STATUS" operation="profile_load" profile="unconfined" name="/usr/bin/ubuntu-core-launcher" pid=433 comm="apparmor_parser"
Aug 13 19:18:40 ubuntu0006 kernel: [    3.977584] audit: type=1400 audit(1597317519.924:9): apparmor="STATUS" operation="profile_load" profile="unconfined" name="/usr/lib/snapd/snap-confine" pid=434 comm="apparmor_parser"
Aug 13 19:18:40 ubuntu0006 kernel: [    3.977593] audit: type=1400 audit(1597317519.924:10): apparmor="STATUS" operation="profile_load" profile="unconfined" name="/usr/lib/snapd/snap-confine//mount-namespace-capture-helper" pid=434 comm="apparmor_parser"
Aug 13 19:18:40 ubuntu0006 kernel: [    4.025735] piix4_smbus 0000:00:01.3: SMBus Host Controller at 0x700, revision 0
Aug 13 19:18:40 ubuntu0006 kernel: [    4.279806] Adding 2095100k swap on /dev/vda5.  Priority:-1 extents:1 across:2095100k FS
Aug 13 19:18:40 ubuntu0006 kernel: [    4.280154] snd_hda_codec_generic hdaudioC0D0: autoconfig for Generic: line_outs=1 (0x3/0x0/0x0/0x0/0x0) type:line
Aug 13 19:18:40 ubuntu0006 kernel: [    4.280158] snd_hda_codec_generic hdaudioC0D0:    speaker_outs=0 (0x0/0x0/0x0/0x0/0x0)
Aug 13 19:18:40 ubuntu0006 kernel: [    4.280160] snd_hda_codec_generic hdaudioC0D0:    hp_outs=0 (0x0/0x0/0x0/0x0/0x0)
Aug 13 19:18:40 ubuntu0006 kernel: [    4.280162] snd_hda_codec_generic hdaudioC0D0:    mono: mono_out=0x0
Aug 13 19:18:40 ubuntu0006 kernel: [    4.280163] snd_hda_codec_generic hdaudioC0D0:    inputs:
Aug 13 19:18:40 ubuntu0006 kernel: [    4.280166] snd_hda_codec_generic hdaudioC0D0:      Line=0x5
Aug 13 19:18:40 ubuntu0006 NetworkManager[820]: <info>  [1597317520.5243] NetworkManager (version 1.2.6) is starting...
Aug 13 19:18:40 ubuntu0006 NetworkManager[820]: <info>  [1597317520.5249] Read config: /etc/NetworkManager/NetworkManager.conf (etc: default-wifi-powersave-on.conf)
Aug 13 19:18:40 ubuntu0006 NetworkManager[820]: <info>  [1597317520.5310] manager[0x1f7e1c0]: monitoring kernel firmware directory '/lib/firmware'.
Aug 13 19:18:40 ubuntu0006 NetworkManager[820]: <info>  [1597317520.5311] monitoring ifupdown state file '/run/network/ifstate'.
Aug 13 19:18:40 ubuntu0006 NetworkManager[820]: <info>  [1597317520.5420] dns-mgr[0x1f79150]: init: dns=dnsmasq, rc-manager=resolvconf, plugin=dnsmasq
Aug 13 19:18:40 ubuntu0006 NetworkManager[820]: <info>  [1597317520.8420] init!
Aug 13 19:18:40 ubuntu0006 NetworkManager[820]: <info>  [1597317520.8424] guessed connection type (ens18) = 802-3-ethernet
Aug 13 19:18:40 ubuntu0006 NetworkManager[820]: <info>  [1597317520.8424] update_connection_setting_from_if_block: name:ens18, type:802-3-ethernet, id:Ifupdown (ens18), uuid: 2cbd84dd-3e5c-9c70-c58e-2cb9243126e1
Aug 13 19:18:40 ubuntu0006 NetworkManager[820]: <info>  [1597317520.8425] addresses count: 1
Aug 13 19:18:40 ubuntu0006 NetworkManager[820]: <info>  [1597317520.8425] No dns-nameserver configured in /etc/network/interfaces
Aug 13 19:18:40 ubuntu0006 NetworkManager[820]: <info>  [1597317520.8426] adding ens18 to connections
Aug 13 19:18:40 ubuntu0006 NetworkManager[820]: <info>  [1597317520.8426] adding iface ens18 to eni_ifaces
Aug 13 19:18:40 ubuntu0006 NetworkManager[820]: <info>  [1597317520.8426] autoconnect
Aug 13 19:18:40 ubuntu0006 NetworkManager[820]: <info>  [1597317520.8426] management mode: managed
Aug 13 19:18:40 ubuntu0006 NetworkManager[820]: <info>  [1597317520.8429] devices added (path: /sys/devices/pci0000:00/0000:00:12.0/virtio6/net/ens18, iface: ens18)
Aug 13 19:18:40 ubuntu0006 NetworkManager[820]: <info>  [1597317520.8429] locking wired connection setting
Aug 13 19:18:40 ubuntu0006 NetworkManager[820]: <info>  [1597317520.8429] devices added (path: /sys/devices/virtual/net/lo, iface: lo)
Aug 13 19:18:40 ubuntu0006 NetworkManager[820]: <info>  [1597317520.8429] device added (path: /sys/devices/virtual/net/lo, iface: lo): no ifupdown configuration found.
Aug 13 19:18:40 ubuntu0006 NetworkManager[820]: <info>  [1597317520.8430] end _init.
Aug 13 19:18:40 ubuntu0006 NetworkManager[820]: <info>  [1597317520.8430] settings: loaded plugin ifupdown: (C) 2008 Canonical Ltd.  To report bugs please use the NetworkManager mailing list. (/usr/lib/x86_64-linux-gnu/NetworkManager/libnm-settings-plugin-ifupdown.so)
Aug 13 19:18:40 ubuntu0006 NetworkManager[820]: <info>  [1597317520.8430] settings: loaded plugin keyfile: (c) 2007 - 2015 Red Hat, Inc.  To report bugs please use the NetworkManager mailing list.
Aug 13 19:18:40 ubuntu0006 NetworkManager[820]: <info>  [1597317520.8458] SettingsPlugin-Ofono: init!
Aug 13 19:18:40 ubuntu0006 NetworkManager[820]: <warn>  [1597317520.8459] SettingsPlugin-Ofono: file doesn't exist: /var/lib/ofono
Aug 13 19:18:40 ubuntu0006 NetworkManager[820]: <info>  [1597317520.8459] SettingsPlugin-Ofono: end _init.
Aug 13 19:18:40 ubuntu0006 NetworkManager[820]: <info>  [1597317520.8459] settings: loaded plugin ofono: (C) 2013-2016 Canonical Ltd.  To report bugs please use the NetworkManager mailing list. (/usr/lib/x86_64-linux-gnu/NetworkManager/libnm-settings-plugin-ofono.so)
Aug 13 19:18:40 ubuntu0006 NetworkManager[820]: <info>  [1597317520.8459] (33095104) ... get_connections.
Aug 13 19:18:40 ubuntu0006 NetworkManager[820]: <info>  [1597317520.8459] (33095104) connections count: 1
Aug 13 19:18:40 ubuntu0006 NetworkManager[820]: <info>  [1597317520.9631] keyfile: new connection /etc/NetworkManager/system-connections/Wired connection 1 (c1136c24-ea95-4e00-859e-f53306915b4d,"Wired connection 1")
Aug 13 19:18:40 ubuntu0006 NetworkManager[820]: <info>  [1597317520.9634] SettingsPlugin-Ofono: (134234640) ... get_connections.
Aug 13 19:18:40 ubuntu0006 NetworkManager[820]: <info>  [1597317520.9634] SettingsPlugin-Ofono: (134234640) connections count: 0
Aug 13 19:18:40 ubuntu0006 NetworkManager[820]: <info>  [1597317520.9963] settings: hostname: using hostnamed
Aug 13 19:18:40 ubuntu0006 NetworkManager[820]: <info>  [1597317520.9963] settings: hostname changed from (none) to "ubuntu0006"
Aug 13 19:18:40 ubuntu0006 NetworkManager[820]: <info>  [1597317520.9965] Using DHCP client 'dhclient'
Aug 13 19:18:40 ubuntu0006 NetworkManager[820]: <info>  [1597317520.9965] manager: WiFi enabled by radio killswitch; enabled by state file
Aug 13 19:18:40 ubuntu0006 NetworkManager[820]: <info>  [1597317520.9965] manager: WWAN enabled by radio killswitch; enabled by state file
Aug 13 19:18:40 ubuntu0006 NetworkManager[820]: <info>  [1597317520.9965] manager: Networking is enabled by state file
Aug 13 19:18:40 ubuntu0006 NetworkManager[820]: <info>  [1597317520.9966] Loaded device plugin: NMVxlanFactory (internal)
Aug 13 19:18:40 ubuntu0006 NetworkManager[820]: <info>  [1597317520.9966] Loaded device plugin: NMVlanFactory (internal)
Aug 13 19:18:40 ubuntu0006 NetworkManager[820]: <info>  [1597317520.9966] Loaded device plugin: NMVethFactory (internal)
Aug 13 19:18:40 ubuntu0006 NetworkManager[820]: <info>  [1597317520.9966] Loaded device plugin: NMTunFactory (internal)
Aug 13 19:18:40 ubuntu0006 NetworkManager[820]: <info>  [1597317520.9966] Loaded device plugin: NMMacvlanFactory (internal)
Aug 13 19:18:40 ubuntu0006 NetworkManager[820]: <info>  [1597317520.9966] Loaded device plugin: NMIPTunnelFactory (internal)
Aug 13 19:18:40 ubuntu0006 NetworkManager[820]: <info>  [1597317520.9966] Loaded device plugin: NMInfinibandFactory (internal)
Aug 13 19:18:40 ubuntu0006 NetworkManager[820]: <info>  [1597317520.9967] Loaded device plugin: NMEthernetFactory (internal)
Aug 13 19:18:40 ubuntu0006 NetworkManager[820]: <info>  [1597317520.9967] Loaded device plugin: NMBridgeFactory (internal)
Aug 13 19:18:40 ubuntu0006 NetworkManager[820]: <info>  [1597317520.9967] Loaded device plugin: NMBondFactory (internal)
Aug 13 19:18:41 ubuntu0006 NetworkManager[820]: <info>  [1597317521.0104] Loaded device plugin: NMBluezManager (/usr/lib/x86_64-linux-gnu/NetworkManager/libnm-device-plugin-bluetooth.so)
Aug 13 19:18:41 ubuntu0006 NetworkManager[820]: <info>  [1597317521.0145] Loaded device plugin: NMWifiFactory (/usr/lib/x86_64-linux-gnu/NetworkManager/libnm-device-plugin-wifi.so)
Aug 13 19:18:41 ubuntu0006 NetworkManager[820]: <info>  [1597317521.0180] Loaded device plugin: NMWwanFactory (/usr/lib/x86_64-linux-gnu/NetworkManager/libnm-device-plugin-wwan.so)
Aug 13 19:18:41 ubuntu0006 NetworkManager[820]: <info>  [1597317521.0240] Loaded device plugin: NMAtmManager (/usr/lib/x86_64-linux-gnu/NetworkManager/libnm-device-plugin-adsl.so)
Aug 13 19:18:41 ubuntu0006 NetworkManager[820]: <info>  [1597317521.0262] device (ens18): link connected
Aug 13 19:18:41 ubuntu0006 NetworkManager[820]: <info>  [1597317521.0267] manager: (ens18): new Ethernet device (/org/freedesktop/NetworkManager/Devices/0)
Aug 13 19:18:41 ubuntu0006 NetworkManager[820]: <info>  [1597317521.0285] keyfile: add connection in-memory (9e54d6e5-3c42-44c5-8bde-9980253dbc00,"ens18")
Aug 13 19:18:41 ubuntu0006 NetworkManager[820]: <info>  [1597317521.0289] device (ens18): state change: unmanaged -> unavailable (reason 'connection-assumed') [10 20 41]
Aug 13 19:18:41 ubuntu0006 NetworkManager[820]: <info>  [1597317521.0293] device (ens18): state change: unavailable -> disconnected (reason 'connection-assumed') [20 30 41]
Aug 13 19:18:41 ubuntu0006 NetworkManager[820]: <info>  [1597317521.0315] device (ens18): Activation: starting connection 'ens18' (9e54d6e5-3c42-44c5-8bde-9980253dbc00)
Aug 13 19:18:41 ubuntu0006 NetworkManager[820]: nm_device_get_device_type: assertion 'NM_IS_DEVICE (self)' failed
Aug 13 19:18:41 ubuntu0006 NetworkManager[820]: <info>  [1597317521.0349] device (lo): link connected
Aug 13 19:18:41 ubuntu0006 NetworkManager[820]: <info>  [1597317521.0357] manager: (lo): new Generic device (/org/freedesktop/NetworkManager/Devices/1)
Aug 13 19:18:41 ubuntu0006 NetworkManager[820]: <info>  [1597317521.0457] manager: startup complete
Aug 13 19:18:41 ubuntu0006 NetworkManager[820]: <info>  [1597317521.0461] device (ens18): state change: disconnected -> prepare (reason 'none') [30 40 0]
Aug 13 19:18:41 ubuntu0006 NetworkManager[820]: <info>  [1597317521.0467] policy: set 'ens18' (ens18) as default for IPv4 routing and DNS
Aug 13 19:18:41 ubuntu0006 NetworkManager[820]: <info>  [1597317521.0492] urfkill disappeared from the bus
Aug 13 19:18:41 ubuntu0006 NetworkManager[820]: <info>  [1597317521.0554] ModemManager available in the bus
Aug 13 19:18:41 ubuntu0006 NetworkManager[820]: <info>  [1597317521.0562] ofono is now available
Aug 13 19:18:41 ubuntu0006 NetworkManager[820]: <info>  [1597317521.0643] device (ens18): state change: prepare -> config (reason 'none') [40 50 0]
Aug 13 19:18:41 ubuntu0006 NetworkManager[820]: <warn>  [1597317521.0648] failed to enumerate oFono devices: GDBus.Error:org.freedesktop.DBus.Error.ServiceUnknown: The name org.ofono was not provided by any .service files
Aug 13 19:18:41 ubuntu0006 NetworkManager[820]: <info>  [1597317521.0650] device (ens18): state change: config -> ip-config (reason 'none') [50 70 0]
Aug 13 19:18:41 ubuntu0006 NetworkManager[820]: <info>  [1597317521.0732] device (ens18): state change: ip-config -> ip-check (reason 'none') [70 80 0]
Aug 13 19:18:41 ubuntu0006 NetworkManager[820]: <info>  [1597317521.0739] device (ens18): state change: ip-check -> secondaries (reason 'none') [80 90 0]
Aug 13 19:18:41 ubuntu0006 NetworkManager[820]: <info>  [1597317521.0750] device (ens18): state change: secondaries -> activated (reason 'none') [90 100 0]
Aug 13 19:18:41 ubuntu0006 NetworkManager[820]: <info>  [1597317521.0755] manager: NetworkManager state is now CONNECTED_GLOBAL
Aug 13 19:18:41 ubuntu0006 NetworkManager[820]: <info>  [1597317521.0758] manager: NetworkManager state is now CONNECTED_SITE
Aug 13 19:18:41 ubuntu0006 NetworkManager[820]: <info>  [1597317521.0760] manager: NetworkManager state is now CONNECTED_GLOBAL
Aug 13 19:18:41 ubuntu0006 kernel: [    5.304771] EXT4-fs (vdb): mounted filesystem with ordered data mode. Opts: (null)
Aug 13 19:18:41 ubuntu0006 NetworkManager[820]: <info>  [1597317521.2979] device (ens18): Activation: successful, device activated.
Aug 13 19:18:41 ubuntu0006 kernel: [    5.925994] EXT4-fs (vdb): mounted filesystem with ordered data mode. Opts: (null)
Aug 13 19:18:42 ubuntu0006 kernel: [    6.870540] input: spice vdagent tablet as /devices/virtual/input/input5
Aug 13 19:18:50 ubuntu0006 kernel: [   14.924992] random: nonblocking pool is initialized
Aug 13 19:18:50 ubuntu0006 NetworkManager[820]: <info>  [1597317530.9562] manager: WiFi hardware radio set enabled
Aug 13 19:18:50 ubuntu0006 NetworkManager[820]: <info>  [1597317530.9562] manager: WWAN hardware radio set enabled
Aug 13 19:18:53 ubuntu0006 NetworkManager[820]: <info>  [1597317533.1121] device (ens18): link disconnected (deferring action for 4 seconds)
Aug 13 19:18:53 ubuntu0006 NetworkManager[820]: <info>  [1597317533.1506] device (ens18): link connected
Aug 13 19:18:53 ubuntu0006 NetworkManager[820]: <info>  [1597317533.1524] policy: set 'ens18' (ens18) as default for IPv4 routing and DNS
Aug 13 19:28:35 ubuntu0006 kernel: [  599.704180] input: spice vdagent tablet as /devices/virtual/input/input6
Aug 13 19:28:54 ubuntu0006 kernel: [  618.625374] input: spice vdagent tablet as /devices/virtual/input/input7
Aug 13 19:33:06 ubuntu0006 NetworkManager[820]: <info>  [1597318386.1356] device (ens18): link disconnected (deferring action for 4 seconds)
Aug 13 19:33:06 ubuntu0006 NetworkManager[820]: <info>  [1597318386.1860] device (ens18): link connected
Aug 13 19:33:06 ubuntu0006 NetworkManager[820]: <info>  [1597318386.1876] policy: set 'ens18' (ens18) as default for IPv4 routing and DNS
Aug 13 19:33:13 ubuntu0006 NetworkManager[820]: <info>  [1597318393.4146] caught SIGTERM, shutting down normally.
Aug 13 19:33:13 ubuntu0006 NetworkManager[820]: <info>  [1597318393.4155] exiting (success)
Aug 13 19:33:13 ubuntu0006 NetworkManager[8693]: <info>  [1597318393.4560] NetworkManager (version 1.2.6) is starting...
Aug 13 19:33:13 ubuntu0006 NetworkManager[8693]: <info>  [1597318393.4565] Read config: /etc/NetworkManager/NetworkManager.conf (etc: default-wifi-powersave-on.conf)
Aug 13 19:33:13 ubuntu0006 NetworkManager[8693]: <info>  [1597318393.4596] manager[0x23a81c0]: monitoring kernel firmware directory '/lib/firmware'.
Aug 13 19:33:13 ubuntu0006 NetworkManager[8693]: <info>  [1597318393.4599] monitoring ifupdown state file '/run/network/ifstate'.
Aug 13 19:33:13 ubuntu0006 NetworkManager[8693]: <info>  [1597318393.4616] dns-mgr[0x23a3160]: init: dns=dnsmasq, rc-manager=resolvconf, plugin=dnsmasq
Aug 13 19:33:13 ubuntu0006 NetworkManager[8693]: <info>  [1597318393.4848] init!
Aug 13 19:33:13 ubuntu0006 NetworkManager[8693]: <info>  [1597318393.4851] guessed connection type (ens18) = 802-3-ethernet
Aug 13 19:33:13 ubuntu0006 NetworkManager[8693]: <info>  [1597318393.4851] update_connection_setting_from_if_block: name:ens18, type:802-3-ethernet, id:Ifupdown (ens18), uuid: 2cbd84dd-3e5c-9c70-c58e-2cb9243126e1
Aug 13 19:33:13 ubuntu0006 NetworkManager[8693]: <info>  [1597318393.4852] addresses count: 1
Aug 13 19:33:13 ubuntu0006 NetworkManager[8693]: <info>  [1597318393.4852] No dns-nameserver configured in /etc/network/interfaces
Aug 13 19:33:13 ubuntu0006 NetworkManager[8693]: <info>  [1597318393.4853] adding ens18 to connections
Aug 13 19:33:13 ubuntu0006 NetworkManager[8693]: <info>  [1597318393.4853] adding iface ens18 to eni_ifaces
Aug 13 19:33:13 ubuntu0006 NetworkManager[8693]: <info>  [1597318393.4853] autoconnect
Aug 13 19:33:13 ubuntu0006 NetworkManager[8693]: <info>  [1597318393.4853] management mode: managed
Aug 13 19:33:13 ubuntu0006 NetworkManager[8693]: <info>  [1597318393.4855] devices added (path: /sys/devices/pci0000:00/0000:00:12.0/virtio6/net/ens18, iface: ens18)
Aug 13 19:33:13 ubuntu0006 NetworkManager[8693]: <info>  [1597318393.4856] locking wired connection setting
Aug 13 19:33:13 ubuntu0006 NetworkManager[8693]: <info>  [1597318393.4856] devices added (path: /sys/devices/virtual/net/lo, iface: lo)
Aug 13 19:33:13 ubuntu0006 NetworkManager[8693]: <info>  [1597318393.4856] device added (path: /sys/devices/virtual/net/lo, iface: lo): no ifupdown configuration found.
Aug 13 19:33:13 ubuntu0006 NetworkManager[8693]: <info>  [1597318393.4856] end _init.
Aug 13 19:33:13 ubuntu0006 NetworkManager[8693]: <info>  [1597318393.4856] settings: loaded plugin ifupdown: (C) 2008 Canonical Ltd.  To report bugs please use the NetworkManager mailing list. (/usr/lib/x86_64-linux-gnu/NetworkManager/libnm-settings-plugin-ifupdown.so)
Aug 13 19:33:13 ubuntu0006 NetworkManager[8693]: <info>  [1597318393.4857] settings: loaded plugin keyfile: (c) 2007 - 2015 Red Hat, Inc.  To report bugs please use the NetworkManager mailing list.
Aug 13 19:33:13 ubuntu0006 NetworkManager[8693]: <info>  [1597318393.4858] SettingsPlugin-Ofono: init!
Aug 13 19:33:13 ubuntu0006 NetworkManager[8693]: <warn>  [1597318393.4858] SettingsPlugin-Ofono: file doesn't exist: /var/lib/ofono
Aug 13 19:33:13 ubuntu0006 NetworkManager[8693]: <info>  [1597318393.4858] SettingsPlugin-Ofono: end _init.
Aug 13 19:33:13 ubuntu0006 NetworkManager[8693]: <info>  [1597318393.4858] settings: loaded plugin ofono: (C) 2013-2016 Canonical Ltd.  To report bugs please use the NetworkManager mailing list. (/usr/lib/x86_64-linux-gnu/NetworkManager/libnm-settings-plugin-ofono.so)
Aug 13 19:33:13 ubuntu0006 NetworkManager[8693]: <info>  [1597318393.4858] (37453328) ... get_connections.
Aug 13 19:33:13 ubuntu0006 NetworkManager[8693]: <info>  [1597318393.4858] (37453328) connections count: 1
Aug 13 19:33:13 ubuntu0006 NetworkManager[8693]: <info>  [1597318393.4920] keyfile: new connection /etc/NetworkManager/system-connections/Wired connection 1 (c1136c24-ea95-4e00-859e-f53306915b4d,"Wired connection 1")
Aug 13 19:33:13 ubuntu0006 NetworkManager[8693]: <info>  [1597318393.4922] SettingsPlugin-Ofono: (60320) ... get_connections.
Aug 13 19:33:13 ubuntu0006 NetworkManager[8693]: <info>  [1597318393.4922] SettingsPlugin-Ofono: (60320) connections count: 0
Aug 13 19:33:13 ubuntu0006 NetworkManager[8693]: <info>  [1597318393.5428] settings: hostname: using hostnamed
Aug 13 19:33:13 ubuntu0006 NetworkManager[8693]: <info>  [1597318393.5431] settings: hostname changed from (none) to "ubuntu0006"
Aug 13 19:33:13 ubuntu0006 NetworkManager[8693]: <info>  [1597318393.5434] Using DHCP client 'dhclient'
Aug 13 19:33:13 ubuntu0006 NetworkManager[8693]: <info>  [1597318393.5436] manager: WiFi enabled by radio killswitch; enabled by state file
Aug 13 19:33:13 ubuntu0006 NetworkManager[8693]: <info>  [1597318393.5449] manager: WWAN enabled by radio killswitch; enabled by state file
Aug 13 19:33:13 ubuntu0006 NetworkManager[8693]: <info>  [1597318393.5452] manager: Networking is enabled by state file
Aug 13 19:33:13 ubuntu0006 NetworkManager[8693]: <info>  [1597318393.5454] Loaded device plugin: NMVxlanFactory (internal)
Aug 13 19:33:13 ubuntu0006 NetworkManager[8693]: <info>  [1597318393.5455] Loaded device plugin: NMVlanFactory (internal)
Aug 13 19:33:13 ubuntu0006 NetworkManager[8693]: <info>  [1597318393.5458] Loaded device plugin: NMVethFactory (internal)
Aug 13 19:33:13 ubuntu0006 NetworkManager[8693]: <info>  [1597318393.5461] Loaded device plugin: NMTunFactory (internal)
Aug 13 19:33:13 ubuntu0006 NetworkManager[8693]: <info>  [1597318393.5462] Loaded device plugin: NMMacvlanFactory (internal)
Aug 13 19:33:13 ubuntu0006 NetworkManager[8693]: <info>  [1597318393.5464] Loaded device plugin: NMIPTunnelFactory (internal)
Aug 13 19:33:13 ubuntu0006 NetworkManager[8693]: <info>  [1597318393.5466] Loaded device plugin: NMInfinibandFactory (internal)
Aug 13 19:33:13 ubuntu0006 NetworkManager[8693]: <info>  [1597318393.5467] Loaded device plugin: NMEthernetFactory (internal)
Aug 13 19:33:13 ubuntu0006 NetworkManager[8693]: <info>  [1597318393.5469] Loaded device plugin: NMBridgeFactory (internal)
Aug 13 19:33:13 ubuntu0006 NetworkManager[8693]: <info>  [1597318393.5470] Loaded device plugin: NMBondFactory (internal)
Aug 13 19:33:13 ubuntu0006 NetworkManager[8693]: <info>  [1597318393.5486] Loaded device plugin: NMBluezManager (/usr/lib/x86_64-linux-gnu/NetworkManager/libnm-device-plugin-bluetooth.so)
Aug 13 19:33:13 ubuntu0006 NetworkManager[8693]: <info>  [1597318393.5492] Loaded device plugin: NMWifiFactory (/usr/lib/x86_64-linux-gnu/NetworkManager/libnm-device-plugin-wifi.so)
Aug 13 19:33:13 ubuntu0006 NetworkManager[8693]: <info>  [1597318393.5497] Loaded device plugin: NMWwanFactory (/usr/lib/x86_64-linux-gnu/NetworkManager/libnm-device-plugin-wwan.so)
Aug 13 19:33:13 ubuntu0006 NetworkManager[8693]: <info>  [1597318393.5502] Loaded device plugin: NMAtmManager (/usr/lib/x86_64-linux-gnu/NetworkManager/libnm-device-plugin-adsl.so)
Aug 13 19:33:13 ubuntu0006 NetworkManager[8693]: <info>  [1597318393.5511] device (ens18): link connected
Aug 13 19:33:13 ubuntu0006 NetworkManager[8693]: <info>  [1597318393.5518] manager: (ens18): new Ethernet device (/org/freedesktop/NetworkManager/Devices/0)
Aug 13 19:33:13 ubuntu0006 NetworkManager[8693]: <info>  [1597318393.5543] keyfile: add connection in-memory (3fd79800-7e41-4eb4-8128-1a83878d9506,"ens18")
Aug 13 19:33:13 ubuntu0006 NetworkManager[8693]: <info>  [1597318393.5551] device (ens18): state change: unmanaged -> unavailable (reason 'connection-assumed') [10 20 41]
Aug 13 19:33:13 ubuntu0006 NetworkManager[8693]: <info>  [1597318393.5557] device (ens18): state change: unavailable -> disconnected (reason 'connection-assumed') [20 30 41]
Aug 13 19:33:13 ubuntu0006 NetworkManager[8693]: <info>  [1597318393.5568] device (ens18): Activation: starting connection 'ens18' (3fd79800-7e41-4eb4-8128-1a83878d9506)
Aug 13 19:33:13 ubuntu0006 NetworkManager[8693]: nm_device_get_device_type: assertion 'NM_IS_DEVICE (self)' failed
Aug 13 19:33:13 ubuntu0006 NetworkManager[8693]: <info>  [1597318393.5574] device (lo): link connected
Aug 13 19:33:13 ubuntu0006 NetworkManager[8693]: <info>  [1597318393.5581] manager: (lo): new Generic device (/org/freedesktop/NetworkManager/Devices/1)
Aug 13 19:33:13 ubuntu0006 NetworkManager[8693]: <info>  [1597318393.5591] manager: NetworkManager state is now CONNECTED_GLOBAL
Aug 13 19:33:13 ubuntu0006 NetworkManager[8693]: <info>  [1597318393.5668] urfkill disappeared from the bus
Aug 13 19:33:13 ubuntu0006 NetworkManager[8693]: <info>  [1597318393.5691] manager: startup complete
Aug 13 19:33:13 ubuntu0006 NetworkManager[8693]: <info>  [1597318393.5699] device (ens18): state change: disconnected -> prepare (reason 'none') [30 40 0]
Aug 13 19:33:13 ubuntu0006 NetworkManager[8693]: <info>  [1597318393.5720] policy: set 'ens18' (ens18) as default for IPv4 routing and DNS
Aug 13 19:33:13 ubuntu0006 NetworkManager[8693]: <info>  [1597318393.5859] ModemManager available in the bus
Aug 13 19:33:13 ubuntu0006 NetworkManager[8693]: <info>  [1597318393.5867] ofono is now available
Aug 13 19:33:13 ubuntu0006 NetworkManager[8693]: <warn>  [1597318393.5903] failed to enumerate oFono devices: GDBus.Error:org.freedesktop.DBus.Error.ServiceUnknown: The name org.ofono was not provided by any .service files
Aug 13 19:33:13 ubuntu0006 NetworkManager[8693]: <info>  [1597318393.5911] device (ens18): state change: prepare -> config (reason 'none') [40 50 0]
Aug 13 19:33:13 ubuntu0006 NetworkManager[8693]: <info>  [1597318393.5922] device (ens18): state change: config -> ip-config (reason 'none') [50 70 0]
Aug 13 19:33:13 ubuntu0006 NetworkManager[8693]: <info>  [1597318393.5930] device (ens18): state change: ip-config -> ip-check (reason 'none') [70 80 0]
Aug 13 19:33:13 ubuntu0006 NetworkManager[8693]: <info>  [1597318393.5967] device (ens18): state change: ip-check -> secondaries (reason 'none') [80 90 0]
Aug 13 19:33:13 ubuntu0006 NetworkManager[8693]: <info>  [1597318393.5970] device (ens18): state change: secondaries -> activated (reason 'none') [90 100 0]
Aug 13 19:33:13 ubuntu0006 NetworkManager[8693]: <info>  [1597318393.6058] device (ens18): Activation: successful, device activated.
Aug 13 19:33:23 ubuntu0006 NetworkManager[8693]: <info>  [1597318403.9564] manager: WiFi hardware radio set enabled
Aug 13 19:33:23 ubuntu0006 NetworkManager[8693]: <info>  [1597318403.9564] manager: WWAN hardware radio set enabled
Aug 13 19:39:37 ubuntu0006 NetworkManager[8693]: <info>  [1597318777.6265] caught SIGTERM, shutting down normally.
Aug 13 19:39:37 ubuntu0006 NetworkManager[8693]: <info>  [1597318777.6274] exiting (success)
Aug 13 19:39:37 ubuntu0006 NetworkManager[7200]: <info>  [1597318777.6799] NetworkManager (version 1.2.6) is starting...
Aug 13 19:39:37 ubuntu0006 NetworkManager[7200]: <info>  [1597318777.6804] Read config: /etc/NetworkManager/NetworkManager.conf (etc: default-wifi-powersave-on.conf)
Aug 13 19:39:37 ubuntu0006 NetworkManager[7200]: <info>  [1597318777.6834] manager[0x14f11c0]: monitoring kernel firmware directory '/lib/firmware'.
Aug 13 19:39:37 ubuntu0006 NetworkManager[7200]: <info>  [1597318777.6837] monitoring ifupdown state file '/run/network/ifstate'.
Aug 13 19:39:37 ubuntu0006 NetworkManager[7200]: <info>  [1597318777.6852] dns-mgr[0x14ec160]: init: dns=dnsmasq, rc-manager=resolvconf, plugin=dnsmasq
Aug 13 19:39:37 ubuntu0006 NetworkManager[7200]: <info>  [1597318777.7131] init!
Aug 13 19:39:37 ubuntu0006 NetworkManager[7200]: <info>  [1597318777.7139] guessed connection type (ens18) = 802-3-ethernet
Aug 13 19:39:37 ubuntu0006 NetworkManager[7200]: <info>  [1597318777.7141] update_connection_setting_from_if_block: name:ens18, type:802-3-ethernet, id:Ifupdown (ens18), uuid: 2cbd84dd-3e5c-9c70-c58e-2cb9243126e1
Aug 13 19:39:37 ubuntu0006 NetworkManager[7200]: <info>  [1597318777.7144] addresses count: 1
Aug 13 19:39:37 ubuntu0006 NetworkManager[7200]: <info>  [1597318777.7146] No dns-nameserver configured in /etc/network/interfaces
Aug 13 19:39:37 ubuntu0006 NetworkManager[7200]: <info>  [1597318777.7148] adding ens18 to connections
Aug 13 19:39:37 ubuntu0006 NetworkManager[7200]: <info>  [1597318777.7149] adding iface ens18 to eni_ifaces
Aug 13 19:39:37 ubuntu0006 NetworkManager[7200]: <info>  [1597318777.7151] autoconnect
Aug 13 19:39:37 ubuntu0006 NetworkManager[7200]: <info>  [1597318777.7152] management mode: managed
Aug 13 19:39:37 ubuntu0006 NetworkManager[7200]: <info>  [1597318777.7156] devices added (path: /sys/devices/pci0000:00/0000:00:12.0/virtio6/net/ens18, iface: ens18)
Aug 13 19:39:37 ubuntu0006 NetworkManager[7200]: <info>  [1597318777.7158] locking wired connection setting
Aug 13 19:39:37 ubuntu0006 NetworkManager[7200]: <info>  [1597318777.7160] devices added (path: /sys/devices/virtual/net/lo, iface: lo)
Aug 13 19:39:37 ubuntu0006 NetworkManager[7200]: <info>  [1597318777.7162] device added (path: /sys/devices/virtual/net/lo, iface: lo): no ifupdown configuration found.
Aug 13 19:39:37 ubuntu0006 NetworkManager[7200]: <info>  [1597318777.7164] end _init.
Aug 13 19:39:37 ubuntu0006 NetworkManager[7200]: <info>  [1597318777.7165] settings: loaded plugin ifupdown: (C) 2008 Canonical Ltd.  To report bugs please use the NetworkManager mailing list. (/usr/lib/x86_64-linux-gnu/NetworkManager/libnm-settings-plugin-ifupdown.so)
